Archive member included to satisfy reference by file (symbol)

C:/ST/STM32CubeIDE_2.2.0/STM32CubeIDE/plugins/com.st.stm32cube.ide.mcu.externaltools.gnu-tools-for-stm32.14.3.rel1.win32_1.0.100.202602081740/tools/bin/../lib/gcc/arm-none-eabi/14.3.1/../../../../arm-none-eabi/lib/thumb/v7e-m+dp/hard\libc_nano.a(libc_a-exit.o)
                              C:/ST/STM32CubeIDE_2.2.0/STM32CubeIDE/plugins/com.st.stm32cube.ide.mcu.externaltools.gnu-tools-for-stm32.14.3.rel1.win32_1.0.100.202602081740/tools/bin/../lib/gcc/arm-none-eabi/14.3.1/../../../../arm-none-eabi/lib/thumb/v7e-m+dp/hard/crt0.o (exit)
C:/ST/STM32CubeIDE_2.2.0/STM32CubeIDE/plugins/com.st.stm32cube.ide.mcu.externaltools.gnu-tools-for-stm32.14.3.rel1.win32_1.0.100.202602081740/tools/bin/../lib/gcc/arm-none-eabi/14.3.1/../../../../arm-none-eabi/lib/thumb/v7e-m+dp/hard\libc_nano.a(libc_a-findfp.o)
                              ./Middlewares/Third_Party/FreeRTOS/Source/tasks.o (__sf)
C:/ST/STM32CubeIDE_2.2.0/STM32CubeIDE/plugins/com.st.stm32cube.ide.mcu.externaltools.gnu-tools-for-stm32.14.3.rel1.win32_1.0.100.202602081740/tools/bin/../lib/gcc/arm-none-eabi/14.3.1/../../../../arm-none-eabi/lib/thumb/v7e-m+dp/hard\libc_nano.a(libc_a-fwalk.o)
                              C:/ST/STM32CubeIDE_2.2.0/STM32CubeIDE/plugins/com.st.stm32cube.ide.mcu.externaltools.gnu-tools-for-stm32.14.3.rel1.win32_1.0.100.202602081740/tools/bin/../lib/gcc/arm-none-eabi/14.3.1/../../../../arm-none-eabi/lib/thumb/v7e-m+dp/hard\libc_nano.a(libc_a-findfp.o) (_fwalk_sglue)
C:/ST/STM32CubeIDE_2.2.0/STM32CubeIDE/plugins/com.st.stm32cube.ide.mcu.externaltools.gnu-tools-for-stm32.14.3.rel1.win32_1.0.100.202602081740/tools/bin/../lib/gcc/arm-none-eabi/14.3.1/../../../../arm-none-eabi/lib/thumb/v7e-m+dp/hard\libc_nano.a(libc_a-printf.o)
                              ./Core/Src/main.o (printf)
C:/ST/STM32CubeIDE_2.2.0/STM32CubeIDE/plugins/com.st.stm32cube.ide.mcu.externaltools.gnu-tools-for-stm32.14.3.rel1.win32_1.0.100.202602081740/tools/bin/../lib/gcc/arm-none-eabi/14.3.1/../../../../arm-none-eabi/lib/thumb/v7e-m+dp/hard\libc_nano.a(libc_a-stdio.o)
                              C:/ST/STM32CubeIDE_2.2.0/STM32CubeIDE/plugins/com.st.stm32cube.ide.mcu.externaltools.gnu-tools-for-stm32.14.3.rel1.win32_1.0.100.202602081740/tools/bin/../lib/gcc/arm-none-eabi/14.3.1/../../../../arm-none-eabi/lib/thumb/v7e-m+dp/hard\libc_nano.a(libc_a-findfp.o) (__sread)
C:/ST/STM32CubeIDE_2.2.0/STM32CubeIDE/plugins/com.st.stm32cube.ide.mcu.externaltools.gnu-tools-for-stm32.14.3.rel1.win32_1.0.100.202602081740/tools/bin/../lib/gcc/arm-none-eabi/14.3.1/../../../../arm-none-eabi/lib/thumb/v7e-m+dp/hard\libc_nano.a(libc_a-memset.o)
                              C:/ST/STM32CubeIDE_2.2.0/STM32CubeIDE/plugins/com.st.stm32cube.ide.mcu.externaltools.gnu-tools-for-stm32.14.3.rel1.win32_1.0.100.202602081740/tools/bin/../lib/gcc/arm-none-eabi/14.3.1/../../../../arm-none-eabi/lib/thumb/v7e-m+dp/hard/crt0.o (memset)
C:/ST/STM32CubeIDE_2.2.0/STM32CubeIDE/plugins/com.st.stm32cube.ide.mcu.externaltools.gnu-tools-for-stm32.14.3.rel1.win32_1.0.100.202602081740/tools/bin/../lib/gcc/arm-none-eabi/14.3.1/../../../../arm-none-eabi/lib/thumb/v7e-m+dp/hard\libc_nano.a(libc_a-closer.o)
                              C:/ST/STM32CubeIDE_2.2.0/STM32CubeIDE/plugins/com.st.stm32cube.ide.mcu.externaltools.gnu-tools-for-stm32.14.3.rel1.win32_1.0.100.202602081740/tools/bin/../lib/gcc/arm-none-eabi/14.3.1/../../../../arm-none-eabi/lib/thumb/v7e-m+dp/hard\libc_nano.a(libc_a-stdio.o) (_close_r)
C:/ST/STM32CubeIDE_2.2.0/STM32CubeIDE/plugins/com.st.stm32cube.ide.mcu.externaltools.gnu-tools-for-stm32.14.3.rel1.win32_1.0.100.202602081740/tools/bin/../lib/gcc/arm-none-eabi/14.3.1/../../../../arm-none-eabi/lib/thumb/v7e-m+dp/hard\libc_nano.a(libc_a-reent.o)
                              ./Middlewares/Third_Party/FreeRTOS/Source/tasks.o (_reclaim_reent)
C:/ST/STM32CubeIDE_2.2.0/STM32CubeIDE/plugins/com.st.stm32cube.ide.mcu.externaltools.gnu-tools-for-stm32.14.3.rel1.win32_1.0.100.202602081740/tools/bin/../lib/gcc/arm-none-eabi/14.3.1/../../../../arm-none-eabi/lib/thumb/v7e-m+dp/hard\libc_nano.a(libc_a-impure.o)
                              ./Middlewares/Third_Party/FreeRTOS/Source/tasks.o (_impure_ptr)
C:/ST/STM32CubeIDE_2.2.0/STM32CubeIDE/plugins/com.st.stm32cube.ide.mcu.externaltools.gnu-tools-for-stm32.14.3.rel1.win32_1.0.100.202602081740/tools/bin/../lib/gcc/arm-none-eabi/14.3.1/../../../../arm-none-eabi/lib/thumb/v7e-m+dp/hard\libc_nano.a(libc_a-lseekr.o)
                              C:/ST/STM32CubeIDE_2.2.0/STM32CubeIDE/plugins/com.st.stm32cube.ide.mcu.externaltools.gnu-tools-for-stm32.14.3.rel1.win32_1.0.100.202602081740/tools/bin/../lib/gcc/arm-none-eabi/14.3.1/../../../../arm-none-eabi/lib/thumb/v7e-m+dp/hard\libc_nano.a(libc_a-stdio.o) (_lseek_r)
[...]
Memory Configuration

Name             Origin             Length             Attributes
ITCMRAM          0x00000000         0x00010000         xrw
DTCMRAM          0x20000000         0x00020000         xrw
FLASH            0x08000000         0x00100000         xr
RAM_D1           0x24000000         0x00050000         xrw
RAM_D2           0x30000000         0x00008000         xrw
RAM_D3           0x38000000         0x00004000         xrw
*default*        0x00000000         0xffffffff

Linker script and memory map

LOAD C:/ST/STM32CubeIDE_2.2.0/STM32CubeIDE/plugins/com.st.stm32cube.ide.mcu.externaltools.gnu-tools-for-stm32.14.3.rel1.win32_1.0.100.202602081740/tools/bin/../lib/gcc/arm-none-eabi/14.3.1/thumb/v7e-m+dp/hard/crti.o
LOAD C:/ST/STM32CubeIDE_2.2.0/STM32CubeIDE/plugins/com.st.stm32cube.ide.mcu.externaltools.gnu-tools-for-stm32.14.3.rel1.win32_1.0.100.202602081740/tools/bin/../lib/gcc/arm-none-eabi/14.3.1/thumb/v7e-m+dp/hard/crtbegin.o
LOAD C:/ST/STM32CubeIDE_2.2.0/STM32CubeIDE/plugins/com.st.stm32cube.ide.mcu.externaltools.gnu-tools-for-stm32.14.3.rel1.win32_1.0.100.202602081740/tools/bin/../lib/gcc/arm-none-eabi/14.3.1/../../../../arm-none-eabi/lib/thumb/v7e-m+dp/hard/crt0.o
LOAD ./Core/Src/ADC.o
LOAD ./Core/Src/freertos.o
LOAD ./Core/Src/main.o
LOAD ./Core/Src/stm32h7xx_hal_msp.o
LOAD ./Core/Src/stm32h7xx_hal_timebase_tim.o
LOAD ./Core/Src/stm32h7xx_it.o
LOAD ./Core/Src/syscalls.o
LOAD ./Core/Src/sysmem.o
LOAD ./Core/Src/system_stm32h7xx.o
LOAD ./Core/Startup/startup_stm32h723zgtx.o
LOAD ./Drivers/BSP/STM32H7xx_Nucleo/stm32h7xx_nucleo.o
LOAD ./Drivers/CMSIS/RTOS2/Template/cmsis_os1.o
LOAD ./Drivers/STM32H7xx_HAL_Driver/Src/stm32h7xx_hal.o
LOAD ./Drivers/STM32H7xx_HAL_Driver/Src/stm32h7xx_hal_cortex.o
LOAD ./Drivers/STM32H7xx_HAL_Driver/Src/stm32h7xx_hal_dma.o
LOAD ./Drivers/STM32H7xx_HAL_Driver/Src/stm32h7xx_hal_dma_ex.o
LOAD ./Drivers/STM32H7xx_HAL_Driver/Src/stm32h7xx_hal_exti.o
LOAD ./Drivers/STM32H7xx_HAL_Driver/Src/stm32h7xx_hal_flash.o
LOAD ./Drivers/STM32H7xx_HAL_Driver/Src/stm32h7xx_hal_flash_ex.o
LOAD ./Drivers/STM32H7xx_HAL_Driver/Src/stm32h7xx_hal_gpio.o
LOAD ./Drivers/STM32H7xx_HAL_Driver/Src/stm32h7xx_hal_hsem.o
LOAD ./Drivers/STM32H7xx_HAL_Driver/Src/stm32h7xx_hal_i2c.o
LOAD ./Drivers/STM32H7xx_HAL_Driver/Src/stm32h7xx_hal_i2c_ex.o
LOAD ./Drivers/STM32H7xx_HAL_Driver/Src/stm32h7xx_hal_mdma.o
LOAD ./Drivers/STM32H7xx_HAL_Driver/Src/stm32h7xx_hal_pwr.o
LOAD ./Drivers/STM32H7xx_HAL_Driver/Src/stm32h7xx_hal_pwr_ex.o
LOAD ./Drivers/STM32H7xx_HAL_Driver/Src/stm32h7xx_hal_rcc.o
LOAD ./Drivers/STM32H7xx_HAL_Driver/Src/stm32h7xx_hal_rcc_ex.o
LOAD ./Drivers/STM32H7xx_HAL_Driver/Src/stm32h7xx_hal_spi.o
LOAD ./Drivers/STM32H7xx_HAL_Driver/Src/stm32h7xx_hal_spi_ex.o
LOAD ./Drivers/STM32H7xx_HAL_Driver/Src/stm32h7xx_hal_tim.o
LOAD ./Drivers/STM32H7xx_HAL_Driver/Src/stm32h7xx_hal_tim_ex.o
LOAD ./Drivers/STM32H7xx_HAL_Driver/Src/stm32h7xx_hal_uart.o
LOAD ./Drivers/STM32H7xx_HAL_Driver/Src/stm32h7xx_hal_uart_ex.o
LOAD ./Drivers/STM32H7xx_HAL_Driver/Src/stm32h7xx_hal_usart.o
LOAD ./Drivers/STM32H7xx_HAL_Driver/Src/stm32h7xx_hal_usart_ex.o
LOAD ./Middlewares/Third_Party/FreeRTOS/Source/CMSIS_RTOS_V2/cmsis_os2.o
LOAD ./Middlewares/Third_Party/FreeRTOS/Source/croutine.o
LOAD ./Middlewares/Third_Party/FreeRTOS/Source/event_groups.o
LOAD ./Middlewares/Third_Party/FreeRTOS/Source/list.o
LOAD ./Middlewares/Third_Party/FreeRTOS/Source/queue.o
LOAD ./Middlewares/Third_Party/FreeRTOS/Source/stream_buffer.o
LOAD ./Middlewares/Third_Party/FreeRTOS/Source/tasks.o
LOAD ./Middlewares/Third_Party/FreeRTOS/Source/timers.o
LOAD ./Middlewares/Third_Party/FreeRTOS/Source/portable/Common/mpu_wrappers_v2.o
LOAD ./Middlewares/Third_Party/FreeRTOS/Source/portable/GCC/ARM_CM4F/port.o
LOAD ./Middlewares/Third_Party/FreeRTOS/Source/portable/MemMang/heap_4.o
START GROUP
LOAD C:/ST/STM32CubeIDE_2.2.0/STM32CubeIDE/plugins/com.st.stm32cube.ide.mcu.externaltools.gnu-tools-for-stm32.14.3.rel1.win32_1.0.100.202602081740/tools/bin/../lib/gcc/arm-none-eabi/14.3.1/../../../../arm-none-eabi/lib/thumb/v7e-m+dp/hard\libc_nano.a
LOAD C:/ST/STM32CubeIDE_2.2.0/STM32CubeIDE/plugins/com.st.stm32cube.ide.mcu.externaltools.gnu-tools-for-stm32.14.3.rel1.win32_1.0.100.202602081740/tools/bin/../lib/gcc/arm-none-eabi/14.3.1/../../../../arm-none-eabi/lib/thumb/v7e-m+dp/hard\libm.a
END GROUP
START GROUP
LOAD C:/ST/STM32CubeIDE_2.2.0/STM32CubeIDE/plugins/com.st.stm32cube.ide.mcu.externaltools.gnu-tools-for-stm32.14.3.rel1.win32_1.0.100.202602081740/tools/bin/../lib/gcc/arm-none-eabi/14.3.1/thumb/v7e-m+dp/hard\libgcc.a
LOAD C:/ST/STM32CubeIDE_2.2.0/STM32CubeIDE/plugins/com.st.stm32cube.ide.mcu.externaltools.gnu-tools-for-stm32.14.3.rel1.win32_1.0.100.202602081740/tools/bin/../lib/gcc/arm-none-eabi/14.3.1/../../../../arm-none-eabi/lib/thumb/v7e-m+dp/hard\libc_nano.a
END GROUP
START GROUP
LOAD C:/ST/STM32CubeIDE_2.2.0/STM32CubeIDE/plugins/com.st.stm32cube.ide.mcu.externaltools.gnu-tools-for-stm32.14.3.rel1.win32_1.0.100.202602081740/tools/bin/../lib/gcc/arm-none-eabi/14.3.1/thumb/v7e-m+dp/hard\libgcc.a
LOAD C:/ST/STM32CubeIDE_2.2.0/STM32CubeIDE/plugins/com.st.stm32cube.ide.mcu.externaltools.gnu-tools-for-stm32.14.3.rel1.win32_1.0.100.202602081740/tools/bin/../lib/gcc/arm-none-eabi/14.3.1/../../../../arm-none-eabi/lib/thumb/v7e-m+dp/hard\libc_nano.a
LOAD C:/ST/STM32CubeIDE_2.2.0/STM32CubeIDE/plugins/com.st.stm32cube.ide.mcu.externaltools.gnu-tools-for-stm32.14.3.rel1.win32_1.0.100.202602081740/tools/bin/../lib/gcc/arm-none-eabi/14.3.1/../../../../arm-none-eabi/lib/thumb/v7e-m+dp/hard\libnosys.a
END GROUP
START GROUP
LOAD C:/ST/STM32CubeIDE_2.2.0/STM32CubeIDE/plugins/com.st.stm32cube.ide.mcu.externaltools.gnu-tools-for-stm32.14.3.rel1.win32_1.0.100.202602081740/tools/bin/../lib/gcc/arm-none-eabi/14.3.1/thumb/v7e-m+dp/hard\libgcc.a
LOAD C:/ST/STM32CubeIDE_2.2.0/STM32CubeIDE/plugins/com.st.stm32cube.ide.mcu.externaltools.gnu-tools-for-stm32.14.3.rel1.win32_1.0.100.202602081740/tools/bin/../lib/gcc/arm-none-eabi/14.3.1/../../../../arm-none-eabi/lib/thumb/v7e-m+dp/hard\libc_nano.a
LOAD C:/ST/STM32CubeIDE_2.2.0/STM32CubeIDE/plugins/com.st.stm32cube.ide.mcu.externaltools.gnu-tools-for-stm32.14.3.rel1.win32_1.0.100.202602081740/tools/bin/../lib/gcc/arm-none-eabi/14.3.1/../../../../arm-none-eabi/lib/thumb/v7e-m+dp/hard\libnosys.a
END GROUP
LOAD C:/ST/STM32CubeIDE_2.2.0/STM32CubeIDE/plugins/com.st.stm32cube.ide.mcu.externaltools.gnu-tools-for-stm32.14.3.rel1.win32_1.0.100.202602081740/tools/bin/../lib/gcc/arm-none-eabi/14.3.1/thumb/v7e-m+dp/hard/crtend.o
LOAD C:/ST/STM32CubeIDE_2.2.0/STM32CubeIDE/plugins/com.st.stm32cube.ide.mcu.externaltools.gnu-tools-for-stm32.14.3.rel1.win32_1.0.100.202602081740/tools/bin/../lib/gcc/arm-none-eabi/14.3.1/thumb/v7e-m+dp/hard/crtn.o
                0x24050000                        _estack = (ORIGIN (RAM_D1) + LENGTH (RAM_D1))
                0x00000200                        _Min_Heap_Size = 0x200
                0x00000400                        _Min_Stack_Size = 0x400

.isr_vector     0x08000000      0x2cc
                0x08000000                        . = ALIGN (0x4)
 *(.isr_vector)
 .isr_vector    0x08000000      0x2cc ./Core/Startup/startup_stm32h723zgtx.o
                0x08000000                g_pfnVectors
                0x080002cc                        . = ALIGN (0x4)

.text           0x080002d0     0x9ebc
                0x080002d0                        . = ALIGN (0x4)
 *(.text)
 .text          0x080002d0       0x40 C:/ST/STM32CubeIDE_2.2.0/STM32CubeIDE/plugins/com.st.stm32cube.ide.mcu.externaltools.gnu-tools-for-stm32.14.3.rel1.win32_1.0.100.202602081740/tools/bin/../lib/gcc/arm-none-eabi/14.3.1/thumb/v7e-m+dp/hard/crtbegin.o
 .text          0x08000310       0xa0 C:/ST/STM32CubeIDE_2.2.0/STM32CubeIDE/plugins/com.st.stm32cube.ide.mcu.externaltools.gnu-tools-for-stm32.14.3.rel1.win32_1.0.100.202602081740/tools/bin/../lib/gcc/arm-none-eabi/14.3.1/../../../../arm-none-eabi/lib/thumb/v7e-m+dp/hard\libc_nano.a(libc_a-memchr.o)
                0x08000310                memchr
 .text          0x080003b0       0x30 C:/ST/STM32CubeIDE_2.2.0/STM32CubeIDE/plugins/com.st.stm32cube.ide.mcu.externaltools.gnu-tools-for-stm32.14.3.rel1.win32_1.0.100.202602081740/tools/bin/../lib/gcc/arm-none-eabi/14.3.1/thumb/v7e-m+dp/hard\libgcc.a(_aeabi_uldivmod.o)
                0x080003b0                __aeabi_uldivmod
 .text          0x080003e0      0x2f8 C:/ST/STM32CubeIDE_2.2.0/STM32CubeIDE/plugins/com.st.stm32cube.ide.mcu.externaltools.gnu-tools-for-stm32.14.3.rel1.win32_1.0.100.202602081740/tools/bin/../lib/gcc/arm-none-eabi/14.3.1/thumb/v7e-m+dp/hard\libgcc.a(_udivmoddi4.o)
                0x080003e0                __udivmoddi4
 .text          0x080006d8        0x4 C:/ST/STM32CubeIDE_2.2.0/STM32CubeIDE/plugins/com.st.stm32cube.ide.mcu.externaltools.gnu-tools-for-stm32.14.3.rel1.win32_1.0.100.202602081740/tools/bin/../lib/gcc/arm-none-eabi/14.3.1/thumb/v7e-m+dp/hard\libgcc.a(_dvmd_tls.o)
                0x080006d8                __aeabi_idiv0
                0x080006d8                __aeabi_ldiv0
 *(.text*)
 .text.readFromADCChannel
                0x080006dc       0x98 ./Core/Src/ADC.o
                0x080006dc                readFromADCChannel
 .text.main     0x08000774       0x90 ./Core/Src/main.o
                0x08000774                main
 .text.SystemClock_Config
                0x08000804       0xe0 ./Core/Src/main.o
                0x08000804                SystemClock_Config
 .text.MX_SPI1_Init
                0x080008e4       0xac ./Core/Src/main.o
 .text.MX_GPIO_Init
                0x08000990       0xa8 ./Core/Src/main.o
 .text.StartReadADCTask
                0x08000a38       0x24 ./Core/Src/main.o
                0x08000a38                StartReadADCTask
 .text.MPU_Config
                0x08000a5c       0x58 ./Core/Src/main.o
 .text.HAL_TIM_PeriodElapsedCallback
                0x08000ab4       0x24 ./Core/Src/main.o
                0x08000ab4                HAL_TIM_PeriodElapsedCallback
 .text.Error_Handler
                0x08000ad8        0xc ./Core/Src/main.o
                0x08000ad8                Error_Handler
 .text.HAL_MspInit
                0x08000ae4       0x3c ./Core/Src/stm32h7xx_hal_msp.o
                0x08000ae4                HAL_MspInit
 .text.HAL_SPI_MspInit
                0x08000b20       0xd0 ./Core/Src/stm32h7xx_hal_msp.o
                0x08000b20                HAL_SPI_MspInit
 .text.HAL_InitTick
                0x08000bf0       0xc4 ./Core/Src/stm32h7xx_hal_timebase_tim.o
                0x08000bf0                HAL_InitTick
 .text.NMI_Handler
                0x08000cb4        0x8 ./Core/Src/stm32h7xx_it.o
                0x08000cb4                NMI_Handler
 .text.HardFault_Handler
                0x08000cbc        0x8 ./Core/Src/stm32h7xx_it.o
                0x08000cbc                HardFault_Handler
 .text.MemManage_Handler
                0x08000cc4        0x8 ./Core/Src/stm32h7xx_it.o
                0x08000cc4                MemManage_Handler
 .text.BusFault_Handler
                0x08000ccc        0x8 ./Core/Src/stm32h7xx_it.o
                0x08000ccc                BusFault_Handler
 .text.UsageFault_Handler
                0x08000cd4        0x8 ./Core/Src/stm32h7xx_it.o
                0x08000cd4                UsageFault_Handler
 .text.DebugMon_Handler
                0x08000cdc        0xe ./Core/Src/stm32h7xx_it.o
                0x08000cdc                DebugMon_Handler
 *fill*         0x08000cea        0x2 
 .text.TIM1_UP_IRQHandler
                0x08000cec       0x14 ./Core/Src/stm32h7xx_it.o
                0x08000cec                TIM1_UP_IRQHandler
 .text.EXTI15_10_IRQHandler
                0x08000d00        0xe ./Core/Src/stm32h7xx_it.o
                0x08000d00                EXTI15_10_IRQHandler
 .text._read    0x08000d0e       0x3a ./Core/Src/syscalls.o
                0x08000d0e                _read
 .text._write   0x08000d48       0x38 ./Core/Src/syscalls.o
                0x08000d48                _write
 .text._close   0x08000d80       0x18 ./Core/Src/syscalls.o
                0x08000d80                _close
 .text._fstat   0x08000d98       0x20 ./Core/Src/syscalls.o
                0x08000d98                _fstat
 .text._isatty  0x08000db8       0x16 ./Core/Src/syscalls.o
                0x08000db8                _isatty
 .text._lseek   0x08000dce       0x1a ./Core/Src/syscalls.o
                0x08000dce                _lseek
 .text._sbrk    0x08000de8       0x6c ./Core/Src/sysmem.o
                0x08000de8                _sbrk
 .text.SystemInit
                0x08000e54      0x120 ./Core/Src/system_stm32h7xx.o
                0x08000e54                SystemInit
 .text.ExitRun0Mode
                0x08000f74       0x18 ./Core/Src/system_stm32h7xx.o
                0x08000f74                ExitRun0Mode
 .text.Reset_Handler
                0x08000f8c       0x54 ./Core/Startup/startup_stm32h723zgtx.o
                0x08000f8c                Reset_Handler
 .text.Default_Handler
                0x08000fe0        0x2 ./Core/Startup/startup_stm32h723zgtx.o
                0x08000fe0                RTC_Alarm_IRQHandler
                0x08000fe0                EXTI2_IRQHandler
                0x08000fe0                TIM8_CC_IRQHandler
                0x08000fe0                UART8_IRQHandler
                0x08000fe0                SPI4_IRQHandler
                0x08000fe0                FDCAN3_IT0_IRQHandler
                0x08000fe0                TIM1_CC_IRQHandler
                0x08000fe0                BDMA_Channel6_IRQHandler
                0x08000fe0                DMA2_Stream5_IRQHandler
                0x08000fe0                DMA1_Stream5_IRQHandler
                0x08000fe0                CORDIC_IRQHandler
                0x08000fe0                BDMA_Channel1_IRQHandler
                0x08000fe0                TAMP_STAMP_IRQHandler
                0x08000fe0                EXTI3_IRQHandler
                0x08000fe0                LPTIM4_IRQHandler
                0x08000fe0                TIM8_TRG_COM_TIM14_IRQHandler
                0x08000fe0                LPTIM2_IRQHandler
                0x08000fe0                DFSDM1_FLT1_IRQHandler
                0x08000fe0                DMAMUX2_OVR_IRQHandler
                0x08000fe0                TIM8_UP_TIM13_IRQHandler
                0x08000fe0                I2C3_ER_IRQHandler
                0x08000fe0                DFSDM1_FLT2_IRQHandler
                0x08000fe0                I2C5_EV_IRQHandler
                0x08000fe0                USART10_IRQHandler
                0x08000fe0                MDMA_IRQHandler
                0x08000fe0                LPTIM3_IRQHandler
                0x08000fe0                HSEM1_IRQHandler
                0x08000fe0                EXTI0_IRQHandler
                0x08000fe0                I2C2_EV_IRQHandler
                0x08000fe0                DMA1_Stream2_IRQHandler
                0x08000fe0                FPU_IRQHandler
                0x08000fe0                OTG_HS_WKUP_IRQHandler
                0x08000fe0                FDCAN1_IT1_IRQHandler
                0x08000fe0                LTDC_ER_IRQHandler
                0x08000fe0                DMA2_Stream2_IRQHandler
                0x08000fe0                SPI1_IRQHandler
                0x08000fe0                OCTOSPI1_IRQHandler
                0x08000fe0                TIM6_DAC_IRQHandler
                0x08000fe0                DMA2_Stream3_IRQHandler
                0x08000fe0                OCTOSPI2_IRQHandler
                0x08000fe0                DFSDM1_FLT3_IRQHandler
                0x08000fe0                TIM23_IRQHandler
                0x08000fe0                USART6_IRQHandler
                0x08000fe0                TIM17_IRQHandler
                0x08000fe0                USART3_IRQHandler
                0x08000fe0                BDMA_Channel7_IRQHandler
                0x08000fe0                LPTIM5_IRQHandler
                0x08000fe0                UART5_IRQHandler
                0x08000fe0                ADC3_IRQHandler
                0x08000fe0                DMA2_Stream0_IRQHandler
                0x08000fe0                TIM4_IRQHandler
                0x08000fe0                BDMA_Channel2_IRQHandler
                0x08000fe0                I2C1_EV_IRQHandler
                0x08000fe0                DMA1_Stream6_IRQHandler
                0x08000fe0                DMAMUX1_OVR_IRQHandler
                0x08000fe0                DMA1_Stream1_IRQHandler
                0x08000fe0                TIM16_IRQHandler
                0x08000fe0                UART4_IRQHandler
                0x08000fe0                BDMA_Channel5_IRQHandler
                0x08000fe0                TIM3_IRQHandler
                0x08000fe0                RCC_IRQHandler
                0x08000fe0                UART9_IRQHandler
                0x08000fe0                TIM8_BRK_TIM12_IRQHandler
                0x08000fe0                TIM1_TRG_COM_IRQHandler
                0x08000fe0                Default_Handler
                0x08000fe0                ECC_IRQHandler
                0x08000fe0                FMAC_IRQHandler
                0x08000fe0                CEC_IRQHandler
                0x08000fe0                BDMA_Channel0_IRQHandler
                0x08000fe0                ADC_IRQHandler
                0x08000fe0                I2C5_ER_IRQHandler
                0x08000fe0                DMA1_Stream7_IRQHandler
                0x08000fe0                SPI5_IRQHandler
                0x08000fe0                TIM7_IRQHandler
                0x08000fe0                FDCAN3_IT1_IRQHandler
                0x08000fe0                SDMMC1_IRQHandler
                0x08000fe0                TIM5_IRQHandler
                0x08000fe0                DMA2_Stream7_IRQHandler
                0x08000fe0                TIM15_IRQHandler
                0x08000fe0                PVD_AVD_IRQHandler
                0x08000fe0                I2C3_EV_IRQHandler
                0x08000fe0                EXTI9_5_IRQHandler
                0x08000fe0                RTC_WKUP_IRQHandler
                0x08000fe0                LTDC_IRQHandler
                0x08000fe0                ETH_WKUP_IRQHandler
                0x08000fe0                SPDIF_RX_IRQHandler
                0x08000fe0                SPI2_IRQHandler
                0x08000fe0                OTG_HS_EP1_IN_IRQHandler
                0x08000fe0                DMA1_Stream0_IRQHandler
                0x08000fe0                TIM24_IRQHandler
                0x08000fe0                CRS_IRQHandler
                0x08000fe0                EXTI4_IRQHandler
                0x08000fe0                RNG_IRQHandler
                0x08000fe0                FDCAN2_IT1_IRQHandler
                0x08000fe0                ETH_IRQHandler
                0x08000fe0                BDMA_Channel4_IRQHandler
                0x08000fe0                OTG_HS_EP1_OUT_IRQHandler
                0x08000fe0                WWDG_IRQHandler
                0x08000fe0                SPI6_IRQHandler
                0x08000fe0                MDIOS_IRQHandler
                0x08000fe0                I2C4_EV_IRQHandler
                0x08000fe0                FDCAN2_IT0_IRQHandler
                0x08000fe0                LPUART1_IRQHandler
                0x08000fe0                FDCAN1_IT0_IRQHandler
                0x08000fe0                TIM2_IRQHandler
                0x08000fe0                OTG_HS_IRQHandler
                0x08000fe0                DMA2D_IRQHandler
                0x08000fe0                TIM1_BRK_IRQHandler
                0x08000fe0                EXTI1_IRQHandler
                0x08000fe0                SDMMC2_IRQHandler
                0x08000fe0                BDMA_Channel3_IRQHandler
                0x08000fe0                DTS_IRQHandler
                0x08000fe0                UART7_IRQHandler
                0x08000fe0                MDIOS_WKUP_IRQHandler
                0x08000fe0                USART2_IRQHandler
                0x08000fe0                DFSDM1_FLT0_IRQHandler
                0x08000fe0                SAI4_IRQHandler
                0x08000fe0                I2C2_ER_IRQHandler
                0x08000fe0                DMA2_Stream1_IRQHandler
                0x08000fe0                FLASH_IRQHandler
                0x08000fe0                DMA2_Stream4_IRQHandler
                0x08000fe0                USART1_IRQHandler
                0x08000fe0                SPI3_IRQHandler
                0x08000fe0                WAKEUP_PIN_IRQHandler
                0x08000fe0                DMA1_Stream4_IRQHandler
                0x08000fe0                I2C1_ER_IRQHandler
                0x08000fe0                FMC_IRQHandler
                0x08000fe0                FDCAN_CAL_IRQHandler
                0x08000fe0                SWPMI1_IRQHandler
                0x08000fe0                COMP1_IRQHandler
                0x08000fe0                LPTIM1_IRQHandler
                0x08000fe0                DCMI_PSSI_IRQHandler
                0x08000fe0                I2C4_ER_IRQHandler
                0x08000fe0                DMA2_Stream6_IRQHandler
                0x08000fe0                SAI1_IRQHandler
                0x08000fe0                DMA1_Stream3_IRQHandler
 *fill*         0x08000fe2        0x2 
 .text.BSP_LED_Init
                0x08000fe4       0xec ./Drivers/BSP/STM32H7xx_Nucleo/stm32h7xx_nucleo.o
                0x08000fe4                BSP_LED_Init
 .text.BSP_PB_Init
                0x080010d0       0xe4 ./Drivers/BSP/STM32H7xx_Nucleo/stm32h7xx_nucleo.o
                0x080010d0                BSP_PB_Init
 .text.BSP_PB_IRQHandler
                0x080011b4       0x24 ./Drivers/BSP/STM32H7xx_Nucleo/stm32h7xx_nucleo.o
                0x080011b4                BSP_PB_IRQHandler
 .text.BSP_PB_Callback
                0x080011d8       0x16 ./Drivers/BSP/STM32H7xx_Nucleo/stm32h7xx_nucleo.o
                0x080011d8                BSP_PB_Callback
 *fill*         0x080011ee        0x2 
 .text.BSP_COM_Init
                0x080011f0       0x60 ./Drivers/BSP/STM32H7xx_Nucleo/stm32h7xx_nucleo.o
                0x080011f0                BSP_COM_Init
 .text.MX_USART3_Init
                0x08001250       0x64 ./Drivers/BSP/STM32H7xx_Nucleo/stm32h7xx_nucleo.o
                0x08001250                MX_USART3_Init
 .text.__io_putchar
                0x080012b4       0x38 ./Drivers/BSP/STM32H7xx_Nucleo/stm32h7xx_nucleo.o
                0x080012b4                __io_putchar
 .text.BUTTON_USER_EXTI_Callback
                0x080012ec        0xe ./Drivers/BSP/STM32H7xx_Nucleo/stm32h7xx_nucleo.o
 *fill*         0x080012fa        0x2 
 .text.COM1_MspInit
                0x080012fc       0xb0 ./Drivers/BSP/STM32H7xx_Nucleo/stm32h7xx_nucleo.o
 .text.HAL_Init
                0x080013ac       0x78 ./Drivers/STM32H7xx_HAL_Driver/Src/stm32h7xx_hal.o
                0x080013ac                HAL_Init
 .text.HAL_IncTick
                0x08001424       0x28 ./Drivers/STM32H7xx_HAL_Driver/Src/stm32h7xx_hal.o
                0x08001424                HAL_IncTick
 .text.HAL_GetTick
                0x0800144c       0x18 ./Drivers/STM32H7xx_HAL_Driver/Src/stm32h7xx_hal.o
                0x0800144c                HAL_GetTick
 .text.__NVIC_SetPriorityGrouping
                0x08001464       0x48 ./Drivers/STM32H7xx_HAL_Driver/Src/stm32h7xx_hal_cortex.o
 .text.__NVIC_GetPriorityGrouping
                0x080014ac       0x1c ./Drivers/STM32H7xx_HAL_Driver/Src/stm32h7xx_hal_cortex.o
 .text.__NVIC_EnableIRQ
                0x080014c8       0x3c ./Drivers/STM32H7xx_HAL_Driver/Src/stm32h7xx_hal_cortex.o
 .text.__NVIC_SetPriority
                0x08001504       0x54 ./Drivers/STM32H7xx_HAL_Driver/Src/stm32h7xx_hal_cortex.o
 .text.NVIC_EncodePriority
                0x08001558       0x66 ./Drivers/STM32H7xx_HAL_Driver/Src/stm32h7xx_hal_cortex.o
 .text.HAL_NVIC_SetPriorityGrouping
                0x080015be       0x16 ./Drivers/STM32H7xx_HAL_Driver/Src/stm32h7xx_hal_cortex.o
                0x080015be                HAL_NVIC_SetPriorityGrouping
 .text.HAL_NVIC_SetPriority
                0x080015d4       0x34 ./Drivers/STM32H7xx_HAL_Driver/Src/stm32h7xx_hal_cortex.o
                0x080015d4                HAL_NVIC_SetPriority
 .text.HAL_NVIC_EnableIRQ
                0x08001608       0x1c ./Drivers/STM32H7xx_HAL_Driver/Src/stm32h7xx_hal_cortex.o
                0x08001608                HAL_NVIC_EnableIRQ
 .text.HAL_MPU_Disable
                0x08001624       0x30 ./Drivers/STM32H7xx_HAL_Driver/Src/stm32h7xx_hal_cortex.o
                0x08001624                HAL_MPU_Disable
 .text.HAL_MPU_Enable
                0x08001654       0x40 ./Drivers/STM32H7xx_HAL_Driver/Src/stm32h7xx_hal_cortex.o
                0x08001654                HAL_MPU_Enable
 .text.HAL_MPU_ConfigRegion
                0x08001694       0x80 ./Drivers/STM32H7xx_HAL_Driver/Src/stm32h7xx_hal_cortex.o
                0x08001694                HAL_MPU_ConfigRegion
 .text.HAL_EXTI_RegisterCallback
                0x08001714       0x3e ./Drivers/STM32H7xx_HAL_Driver/Src/stm32h7xx_hal_exti.o
                0x08001714                HAL_EXTI_RegisterCallback
 .text.HAL_EXTI_GetHandle
                0x08001752       0x28 ./Drivers/STM32H7xx_HAL_Driver/Src/stm32h7xx_hal_exti.o
                0x08001752                HAL_EXTI_GetHandle
 *fill*         0x0800177a        0x2 
 .text.HAL_EXTI_IRQHandler
                0x0800177c       0x60 ./Drivers/STM32H7xx_HAL_Driver/Src/stm32h7xx_hal_exti.o
                0x0800177c                HAL_EXTI_IRQHandler
 .text.HAL_GPIO_Init
                0x080017dc      0x364 ./Drivers/STM32H7xx_HAL_Driver/Src/stm32h7xx_hal_gpio.o
                0x080017dc                HAL_GPIO_Init
 .text.HAL_GPIO_WritePin
                0x08001b40       0x32 ./Drivers/STM32H7xx_HAL_Driver/Src/stm32h7xx_hal_gpio.o
                0x08001b40                HAL_GPIO_WritePin
 *fill*         0x08001b72        0x2 
 .text.HAL_PWREx_ConfigSupply
                0x08001b74       0x74 ./Drivers/STM32H7xx_HAL_Driver/Src/stm32h7xx_hal_pwr_ex.o
                0x08001b74                HAL_PWREx_ConfigSupply
 .text.HAL_RCC_OscConfig
                0x08001be8      0x7b4 ./Drivers/STM32H7xx_HAL_Driver/Src/stm32h7xx_hal_rcc.o
                0x08001be8                HAL_RCC_OscConfig
 .text.HAL_RCC_ClockConfig
                0x0800239c      0x36c ./Drivers/STM32H7xx_HAL_Driver/Src/stm32h7xx_hal_rcc.o
                0x0800239c                HAL_RCC_ClockConfig
 .text.HAL_RCC_GetSysClockFreq
                0x08002708      0x2f4 ./Drivers/STM32H7xx_HAL_Driver/Src/stm32h7xx_hal_rcc.o
                0x08002708                HAL_RCC_GetSysClockFreq
 .text.HAL_RCC_GetHCLKFreq
                0x080029fc       0x60 ./Drivers/STM32H7xx_HAL_Driver/Src/stm32h7xx_hal_rcc.o
                0x080029fc                HAL_RCC_GetHCLKFreq
 .text.HAL_RCC_GetPCLK1Freq
                0x08002a5c       0x2c ./Drivers/STM32H7xx_HAL_Driver/Src/stm32h7xx_hal_rcc.o
                0x08002a5c                HAL_RCC_GetPCLK1Freq
 .text.HAL_RCC_GetPCLK2Freq
                0x08002a88       0x2c ./Drivers/STM32H7xx_HAL_Driver/Src/stm32h7xx_hal_rcc.o
                0x08002a88                HAL_RCC_GetPCLK2Freq
 .text.HAL_RCC_GetClockConfig
                0x08002ab4       0x84 ./Drivers/STM32H7xx_HAL_Driver/Src/stm32h7xx_hal_rcc.o
                0x08002ab4                HAL_RCC_GetClockConfig
 .text.HAL_RCCEx_PeriphCLKConfig
                0x08002b38     0x1340 ./Drivers/STM32H7xx_HAL_Driver/Src/stm32h7xx_hal_rcc_ex.o
                0x08002b38                HAL_RCCEx_PeriphCLKConfig
 .text.HAL_RCCEx_GetD3PCLK1Freq
                0x08003e78       0x2c ./Drivers/STM32H7xx_HAL_Driver/Src/stm32h7xx_hal_rcc_ex.o
                0x08003e78                HAL_RCCEx_GetD3PCLK1Freq
 .text.HAL_RCCEx_GetPLL2ClockFreq
                0x08003ea4      0x2a8 ./Drivers/STM32H7xx_HAL_Driver/Src/stm32h7xx_hal_rcc_ex.o
                0x08003ea4                HAL_RCCEx_GetPLL2ClockFreq
 .text.HAL_RCCEx_GetPLL3ClockFreq
                0x0800414c      0x2a8 ./Drivers/STM32H7xx_HAL_Driver/Src/stm32h7xx_hal_rcc_ex.o
                0x0800414c                HAL_RCCEx_GetPLL3ClockFreq
 .text.RCCEx_PLL2_Config
                0x080043f4      0x164 ./Drivers/STM32H7xx_HAL_Driver/Src/stm32h7xx_hal_rcc_ex.o
 .text.RCCEx_PLL3_Config
                0x08004558      0x164 ./Drivers/STM32H7xx_HAL_Driver/Src/stm32h7xx_hal_rcc_ex.o
 .text.HAL_SPI_Init
                0x080046bc      0x248 ./Drivers/STM32H7xx_HAL_Driver/Src/stm32h7xx_hal_spi.o
                0x080046bc                HAL_SPI_Init
 .text.HAL_SPI_TransmitReceive
                0x08004904      0x674 ./Drivers/STM32H7xx_HAL_Driver/Src/stm32h7xx_hal_spi.o
                0x08004904                HAL_SPI_TransmitReceive
 .text.SPI_CloseTransfer
                0x08004f78      0x140 ./Drivers/STM32H7xx_HAL_Driver/Src/stm32h7xx_hal_spi.o
 .text.SPI_WaitOnFlagUntilTimeout
                0x080050b8       0x5c ./Drivers/STM32H7xx_HAL_Driver/Src/stm32h7xx_hal_spi.o
 .text.SPI_GetPacketSize
                0x08005114       0x36 ./Drivers/STM32H7xx_HAL_Driver/Src/stm32h7xx_hal_spi.o
 .text.HAL_TIM_Base_Init
                0x0800514a       0xae ./Drivers/STM32H7xx_HAL_Driver/Src/stm32h7xx_hal_tim.o
                0x0800514a                HAL_TIM_Base_Init
 .text.HAL_TIM_Base_MspInit
                0x080051f8       0x14 ./Drivers/STM32H7xx_HAL_Driver/Src/stm32h7xx_hal_tim.o
                0x080051f8                HAL_TIM_Base_MspInit
 .text.HAL_TIM_Base_Start_IT
                0x0800520c      0x10c ./Drivers/STM32H7xx_HAL_Driver/Src/stm32h7xx_hal_tim.o
                0x0800520c                HAL_TIM_Base_Start_IT
 .text.HAL_TIM_IRQHandler
                0x08005318      0x20e ./Drivers/STM32H7xx_HAL_Driver/Src/stm32h7xx_hal_tim.o
                0x08005318                HAL_TIM_IRQHandler
 .text.HAL_TIM_OC_DelayElapsedCallback
                0x08005526       0x14 ./Drivers/STM32H7xx_HAL_Driver/Src/stm32h7xx_hal_tim.o
                0x08005526                HAL_TIM_OC_DelayElapsedCallback
 .text.HAL_TIM_IC_CaptureCallback
                0x0800553a       0x14 ./Drivers/STM32H7xx_HAL_Driver/Src/stm32h7xx_hal_tim.o
                0x0800553a                HAL_TIM_IC_CaptureCallback
 .text.HAL_TIM_PWM_PulseFinishedCallback
                0x0800554e       0x14 ./Drivers/STM32H7xx_HAL_Driver/Src/stm32h7xx_hal_tim.o
                0x0800554e                HAL_TIM_PWM_PulseFinishedCallback
 .text.HAL_TIM_TriggerCallback
                0x08005562       0x14 ./Drivers/STM32H7xx_HAL_Driver/Src/stm32h7xx_hal_tim.o
                0x08005562                HAL_TIM_TriggerCallback
 *fill*         0x08005576        0x2 
 .text.TIM_Base_SetConfig
                0x08005578      0x158 ./Drivers/STM32H7xx_HAL_Driver/Src/stm32h7xx_hal_tim.o
                0x08005578                TIM_Base_SetConfig
 .text.HAL_TIMEx_CommutCallback
                0x080056d0       0x14 ./Drivers/STM32H7xx_HAL_Driver/Src/stm32h7xx_hal_tim_ex.o
                0x080056d0                HAL_TIMEx_CommutCallback
 .text.HAL_TIMEx_BreakCallback
                0x080056e4       0x14 ./Drivers/STM32H7xx_HAL_Driver/Src/stm32h7xx_hal_tim_ex.o
                0x080056e4                HAL_TIMEx_BreakCallback
 .text.HAL_TIMEx_Break2Callback
                0x080056f8       0x14 ./Drivers/STM32H7xx_HAL_Driver/Src/stm32h7xx_hal_tim_ex.o
                0x080056f8                HAL_TIMEx_Break2Callback
 .text.HAL_UART_Init
                0x0800570c       0xa0 ./Drivers/STM32H7xx_HAL_Driver/Src/stm32h7xx_hal_uart.o
                0x0800570c                HAL_UART_Init
 .text.HAL_UART_MspInit
                0x080057ac       0x14 ./Drivers/STM32H7xx_HAL_Driver/Src/stm32h7xx_hal_uart.o
                0x080057ac                HAL_UART_MspInit
 .text.HAL_UART_Transmit
                0x080057c0      0x132 ./Drivers/STM32H7xx_HAL_Driver/Src/stm32h7xx_hal_uart.o
                0x080057c0                HAL_UART_Transmit
 *fill*         0x080058f2        0x2 
 .text.UART_SetConfig
                0x080058f4      0xcd8 ./Drivers/STM32H7xx_HAL_Driver/Src/stm32h7xx_hal_uart.o
                0x080058f4                UART_SetConfig
 .text.UART_AdvFeatureConfig
                0x080065cc      0x144 ./Drivers/STM32H7xx_HAL_Driver/Src/stm32h7xx_hal_uart.o
                0x080065cc                UART_AdvFeatureConfig
 .text.UART_CheckIdleState
                0x08006710      0x154 ./Drivers/STM32H7xx_HAL_Driver/Src/stm32h7xx_hal_uart.o
                0x08006710                UART_CheckIdleState
 .text.UART_WaitOnFlagUntilTimeout
                0x08006864       0xda ./Drivers/STM32H7xx_HAL_Driver/Src/stm32h7xx_hal_uart.o
                0x08006864                UART_WaitOnFlagUntilTimeout
 *fill*         0x0800693e        0x2 
 .text.UART_EndRxTransfer
                0x08006940       0xcc ./Drivers/STM32H7xx_HAL_Driver/Src/stm32h7xx_hal_uart.o
 .text.__NVIC_SetPriority
                0x08006a0c       0x54 ./Middlewares/Third_Party/FreeRTOS/Source/CMSIS_RTOS_V2/cmsis_os2.o
 .text.SysTick_Handler
                0x08006a60       0x20 ./Middlewares/Third_Party/FreeRTOS/Source/CMSIS_RTOS_V2/cmsis_os2.o
                0x08006a60                SysTick_Handler
 .text.SVC_Setup
                0x08006a80       0x12 ./Middlewares/Third_Party/FreeRTOS/Source/CMSIS_RTOS_V2/cmsis_os2.o
 .text.IRQ_Context
                0x08006a92       0x4e ./Middlewares/Third_Party/FreeRTOS/Source/CMSIS_RTOS_V2/cmsis_os2.o
 .text.osKernelInitialize
                0x08006ae0       0x4c ./Middlewares/Third_Party/FreeRTOS/Source/CMSIS_RTOS_V2/cmsis_os2.o
                0x08006ae0                osKernelInitialize
 .text.osKernelStart
                0x08006b2c       0x54 ./Middlewares/Third_Party/FreeRTOS/Source/CMSIS_RTOS_V2/cmsis_os2.o
                0x08006b2c                osKernelStart
 .text.osThreadNew
                0x08006b80      0x122 ./Middlewares/Third_Party/FreeRTOS/Source/CMSIS_RTOS_V2/cmsis_os2.o
                0x08006b80                osThreadNew
 *fill*         0x08006ca2        0x2 
 .text.vApplicationGetIdleTaskMemory
                0x08006ca4       0x34 ./Middlewares/Third_Party/FreeRTOS/Source/CMSIS_RTOS_V2/cmsis_os2.o
                0x08006ca4                vApplicationGetIdleTaskMemory
 .text.vApplicationGetTimerTaskMemory
                0x08006cd8       0x34 ./Middlewares/Third_Party/FreeRTOS/Source/CMSIS_RTOS_V2/cmsis_os2.o
                0x08006cd8                vApplicationGetTimerTaskMemory
 .text.vListInitialise
                0x08006d0c       0x40 ./Middlewares/Third_Party/FreeRTOS/Source/list.o
                0x08006d0c                vListInitialise
 .text.vListInitialiseItem
                0x08006d4c       0x1a ./Middlewares/Third_Party/FreeRTOS/Source/list.o
                0x08006d4c                vListInitialiseItem
 .text.vListInsert
                0x08006d66       0x72 ./Middlewares/Third_Party/FreeRTOS/Source/list.o
                0x08006d66                vListInsert
 .text.uxListRemove
                0x08006dd8       0x54 ./Middlewares/Third_Party/FreeRTOS/Source/list.o
                0x08006dd8                uxListRemove
 .text.xQueueGenericReset
                0x08006e2c      0x124 ./Middlewares/Third_Party/FreeRTOS/Source/queue.o
                0x08006e2c                xQueueGenericReset
 .text.xQueueGenericCreateStatic
                0x08006f50       0xc2 ./Middlewares/Third_Party/FreeRTOS/Source/queue.o
                0x08006f50                xQueueGenericCreateStatic
 .text.prvInitialiseNewQueue
                0x08007012       0x46 ./Middlewares/Third_Party/FreeRTOS/Source/queue.o
 .text.xQueueReceive
                0x08007058      0x1c4 ./Middlewares/Third_Party/FreeRTOS/Source/queue.o
                0x08007058                xQueueReceive
 .text.prvCopyDataFromQueue
                0x0800721c       0x4c ./Middlewares/Third_Party/FreeRTOS/Source/queue.o
 .text.prvUnlockQueue
                0x08007268       0xa4 ./Middlewares/Third_Party/FreeRTOS/Source/queue.o
 .text.prvIsQueueEmpty
                0x0800730c       0x2c ./Middlewares/Third_Party/FreeRTOS/Source/queue.o
 .text.vQueueAddToRegistry
                0x08007338       0xa0 ./Middlewares/Third_Party/FreeRTOS/Source/queue.o
                0x08007338                vQueueAddToRegistry
 .text.vQueueWaitForMessageRestricted
                0x080073d8       0x68 ./Middlewares/Third_Party/FreeRTOS/Source/queue.o
                0x080073d8                vQueueWaitForMessageRestricted
 .text.xTaskCreateStatic
                0x08007440       0xca ./Middlewares/Third_Party/FreeRTOS/Source/tasks.o
                0x08007440                xTaskCreateStatic
 .text.xTaskCreate
                0x0800750a       0x94 ./Middlewares/Third_Party/FreeRTOS/Source/tasks.o
                0x0800750a                xTaskCreate
 *fill*         0x0800759e        0x2 
 .text.prvInitialiseNewTask
                0x080075a0      0x14c ./Middlewares/Third_Party/FreeRTOS/Source/tasks.o
 .text.prvAddNewTaskToReadyList
                0x080076ec      0x130 ./Middlewares/Third_Party/FreeRTOS/Source/tasks.o
 .text.vTaskStartScheduler
                0x0800781c       0xe8 ./Middlewares/Third_Party/FreeRTOS/Source/tasks.o
                0x0800781c                vTaskStartScheduler
 .text.vTaskSuspendAll
                0x08007904       0x1c ./Middlewares/Third_Party/FreeRTOS/Source/tasks.o
                0x08007904                vTaskSuspendAll
 .text.xTaskResumeAll
                0x08007920      0x1fc ./Middlewares/Third_Party/FreeRTOS/Source/tasks.o
                0x08007920                xTaskResumeAll
 .text.xTaskGetTickCount
                0x08007b1c       0x20 ./Middlewares/Third_Party/FreeRTOS/Source/tasks.o
                0x08007b1c                xTaskGetTickCount
 .text.xTaskIncrementTick
                0x08007b3c      0x230 ./Middlewares/Third_Party/FreeRTOS/Source/tasks.o
                0x08007b3c                xTaskIncrementTick
 .text.vTaskSwitchContext
                0x08007d6c       0xc8 ./Middlewares/Third_Party/FreeRTOS/Source/tasks.o
                0x08007d6c                vTaskSwitchContext
 .text.vTaskPlaceOnEventList
                0x08007e34       0x4c ./Middlewares/Third_Party/FreeRTOS/Source/tasks.o
                0x08007e34                vTaskPlaceOnEventList
 .text.vTaskPlaceOnEventListRestricted
                0x08007e80       0x8c ./Middlewares/Third_Party/FreeRTOS/Source/tasks.o
                0x08007e80                vTaskPlaceOnEventListRestricted
 .text.xTaskRemoveFromEventList
                0x08007f0c      0x1b0 ./Middlewares/Third_Party/FreeRTOS/Source/tasks.o
                0x08007f0c                xTaskRemoveFromEventList
 .text.vTaskInternalSetTimeOutState
                0x080080bc       0x2c ./Middlewares/Third_Party/FreeRTOS/Source/tasks.o
                0x080080bc                vTaskInternalSetTimeOutState
 .text.xTaskCheckForTimeOut
                0x080080e8       0xd0 ./Middlewares/Third_Party/FreeRTOS/Source/tasks.o
                0x080080e8                xTaskCheckForTimeOut
 .text.vTaskMissedYield
                0x080081b8       0x18 ./Middlewares/Third_Party/FreeRTOS/Source/tasks.o
                0x080081b8                vTaskMissedYield
 .text.prvIdleTask
                0x080081d0       0x30 ./Middlewares/Third_Party/FreeRTOS/Source/tasks.o
 .text.prvInitialiseTaskLists
                0x08008200       0x80 ./Middlewares/Third_Party/FreeRTOS/Source/tasks.o
 .text.prvCheckTasksWaitingTermination
                0x08008280       0x5c ./Middlewares/Third_Party/FreeRTOS/Source/tasks.o
 .text.prvDeleteTCB
                0x080082dc       0x70 ./Middlewares/Third_Party/FreeRTOS/Source/tasks.o
 .text.prvResetNextTaskUnblockTime
                0x0800834c       0x38 ./Middlewares/Third_Party/FreeRTOS/Source/tasks.o
 .text.xTaskGetSchedulerState
                0x08008384       0x3c ./Middlewares/Third_Party/FreeRTOS/Source/tasks.o
                0x08008384                xTaskGetSchedulerState
 .text.prvAddCurrentTaskToDelayedList
                0x080083c0       0xdc ./Middlewares/Third_Party/FreeRTOS/Source/tasks.o
 .text.xTimerCreateTimerTask
                0x0800849c       0x94 ./Middlewares/Third_Party/FreeRTOS/Source/timers.o
                0x0800849c                xTimerCreateTimerTask
 .text.prvReloadTimer
                0x08008530       0x42 ./Middlewares/Third_Party/FreeRTOS/Source/timers.o
 *fill*         0x08008572        0x2 
 .text.prvProcessExpiredTimer
                0x08008574       0x60 ./Middlewares/Third_Party/FreeRTOS/Source/timers.o
 .text.prvTimerTask
                0x080085d4       0x26 ./Middlewares/Third_Party/FreeRTOS/Source/timers.o
 *fill*         0x080085fa        0x2 
 .text.prvProcessTimerOrBlockTask
                0x080085fc       0x9c ./Middlewares/Third_Party/FreeRTOS/Source/timers.o
 .text.prvGetNextExpireTime
                0x08008698       0x48 ./Middlewares/Third_Party/FreeRTOS/Source/timers.o
 .text.prvSampleTimeNow
                0x080086e0       0x40 ./Middlewares/Third_Party/FreeRTOS/Source/timers.o
 .text.prvInsertTimerInActiveList
                0x08008720       0x84 ./Middlewares/Third_Party/FreeRTOS/Source/timers.o
 .text.prvProcessReceivedCommands
                0x080087a4      0x1bc ./Middlewares/Third_Party/FreeRTOS/Source/timers.o
 .text.prvSwitchTimerLists
                0x08008960       0x4c ./Middlewares/Third_Party/FreeRTOS/Source/timers.o
 .text.prvCheckForValidListAndQueue
                0x080089ac       0x80 ./Middlewares/Third_Party/FreeRTOS/Source/timers.o
 .text.pxPortInitialiseStack
                0x08008a2c       0x68 ./Middlewares/Third_Party/FreeRTOS/Source/portable/GCC/ARM_CM4F/port.o
                0x08008a2c                pxPortInitialiseStack
 .text.prvTaskExitError
                0x08008a94       0x5c ./Middlewares/Third_Party/FreeRTOS/Source/portable/GCC/ARM_CM4F/port.o
 .text.SVC_Handler
                0x08008af0       0x28 ./Middlewares/Third_Party/FreeRTOS/Source/portable/GCC/ARM_CM4F/port.o
                0x08008af0                SVC_Handler
 .text.prvPortStartFirstTask
                0x08008b18       0x2c ./Middlewares/Third_Party/FreeRTOS/Source/portable/GCC/ARM_CM4F/port.o
 .text.xPortStartScheduler
                0x08008b44      0x17c ./Middlewares/Third_Party/FreeRTOS/Source/portable/GCC/ARM_CM4F/port.o
                0x08008b44                xPortStartScheduler
 .text.vPortEnterCritical
                0x08008cc0       0x64 ./Middlewares/Third_Party/FreeRTOS/Source/portable/GCC/ARM_CM4F/port.o
                0x08008cc0                vPortEnterCritical
 .text.vPortExitCritical
                0x08008d24       0x54 ./Middlewares/Third_Party/FreeRTOS/Source/portable/GCC/ARM_CM4F/port.o
                0x08008d24                vPortExitCritical
 *fill*         0x08008d78        0x8 
 .text.PendSV_Handler
                0x08008d80       0x68 ./Middlewares/Third_Party/FreeRTOS/Source/portable/GCC/ARM_CM4F/port.o
                0x08008d80                PendSV_Handler
 .text.xPortSysTickHandler
                0x08008de8       0x44 ./Middlewares/Third_Party/FreeRTOS/Source/portable/GCC/ARM_CM4F/port.o
                0x08008de8                xPortSysTickHandler
 .text.vPortSetupTimerInterrupt
                0x08008e2c       0x48 ./Middlewares/Third_Party/FreeRTOS/Source/portable/GCC/ARM_CM4F/port.o
                0x08008e2c                vPortSetupTimerInterrupt
 .text.vPortEnableVFP
                0x08008e74       0x18 ./Middlewares/Third_Party/FreeRTOS/Source/portable/GCC/ARM_CM4F/port.o
 .text.pvPortMalloc
                0x08008e8c      0x198 ./Middlewares/Third_Party/FreeRTOS/Source/portable/MemMang/heap_4.o
                0x08008e8c                pvPortMalloc
 .text.vPortFree
                0x08009024       0xb4 ./Middlewares/Third_Party/FreeRTOS/Source/portable/MemMang/heap_4.o
                0x08009024                vPortFree
 .text.prvHeapInit
                0x080090d8       0xb8 ./Middlewares/Third_Party/FreeRTOS/Source/portable/MemMang/heap_4.o
 .text.prvInsertBlockIntoFreeList
                0x08009190       0xb4 ./Middlewares/Third_Party/FreeRTOS/Source/portable/MemMang/heap_4.o
 .text.std      0x08009244       0x6c C:/ST/STM32CubeIDE_2.2.0/STM32CubeIDE/plugins/com.st.stm32cube.ide.mcu.externaltools.gnu-tools-for-stm32.14.3.rel1.win32_1.0.100.202602081740/tools/bin/../lib/gcc/arm-none-eabi/14.3.1/../../../../arm-none-eabi/lib/thumb/v7e-m+dp/hard\libc_nano.a(libc_a-findfp.o)
 .text.stdio_exit_handler
                0x080092b0       0x18 C:/ST/STM32CubeIDE_2.2.0/STM32CubeIDE/plugins/com.st.stm32cube.ide.mcu.externaltools.gnu-tools-for-stm32.14.3.rel1.win32_1.0.100.202602081740/tools/bin/../lib/gcc/arm-none-eabi/14.3.1/../../../../arm-none-eabi/lib/thumb/v7e-m+dp/hard\libc_nano.a(libc_a-findfp.o)
 .text.cleanup_stdio
                0x080092c8       0x40 C:/ST/STM32CubeIDE_2.2.0/STM32CubeIDE/plugins/com.st.stm32cube.ide.mcu.externaltools.gnu-tools-for-stm32.14.3.rel1.win32_1.0.100.202602081740/tools/bin/../lib/gcc/arm-none-eabi/14.3.1/../../../../arm-none-eabi/lib/thumb/v7e-m+dp/hard\libc_nano.a(libc_a-findfp.o)
 .text.global_stdio_init.part.0
                0x08009308       0x40 C:/ST/STM32CubeIDE_2.2.0/STM32CubeIDE/plugins/com.st.stm32cube.ide.mcu.externaltools.gnu-tools-for-stm32.14.3.rel1.win32_1.0.100.202602081740/tools/bin/../lib/gcc/arm-none-eabi/14.3.1/../../../../arm-none-eabi/lib/thumb/v7e-m+dp/hard\libc_nano.a(libc_a-findfp.o)
 .text.__sfp_lock_acquire
                0x08009348        0xc C:/ST/STM32CubeIDE_2.2.0/STM32CubeIDE/plugins/com.st.stm32cube.ide.mcu.externaltools.gnu-tools-for-stm32.14.3.rel1.win32_1.0.100.202602081740/tools/bin/../lib/gcc/arm-none-eabi/14.3.1/../../../../arm-none-eabi/lib/thumb/v7e-m+dp/hard\libc_nano.a(libc_a-findfp.o)
                0x08009348                __sfp_lock_acquire
 .text.__sfp_lock_release
                0x08009354        0xc C:/ST/STM32CubeIDE_2.2.0/STM32CubeIDE/plugins/com.st.stm32cube.ide.mcu.externaltools.gnu-tools-for-stm32.14.3.rel1.win32_1.0.100.202602081740/tools/bin/../lib/gcc/arm-none-eabi/14.3.1/../../../../arm-none-eabi/lib/thumb/v7e-m+dp/hard\libc_nano.a(libc_a-findfp.o)
                0x08009354                __sfp_lock_release
 .text.__sinit  0x08009360       0x30 C:/ST/STM32CubeIDE_2.2.0/STM32CubeIDE/plugins/com.st.stm32cube.ide.mcu.externaltools.gnu-tools-for-stm32.14.3.rel1.win32_1.0.100.202602081740/tools/bin/../lib/gcc/arm-none-eabi/14.3.1/../../../../arm-none-eabi/lib/thumb/v7e-m+dp/hard\libc_nano.a(libc_a-findfp.o)
                0x08009360                __sinit
 .text._fwalk_sglue
                0x08009390       0x3c C:/ST/STM32CubeIDE_2.2.0/STM32CubeIDE/plugins/com.st.stm32cube.ide.mcu.externaltools.gnu-tools-for-stm32.14.3.rel1.win32_1.0.100.202602081740/tools/bin/../lib/gcc/arm-none-eabi/14.3.1/../../../../arm-none-eabi/lib/thumb/v7e-m+dp/hard\libc_nano.a(libc_a-fwalk.o)
                0x08009390                _fwalk_sglue
 .text.printf   0x080093cc       0x24 C:/ST/STM32CubeIDE_2.2.0/STM32CubeIDE/plugins/com.st.stm32cube.ide.mcu.externaltools.gnu-tools-for-stm32.14.3.rel1.win32_1.0.100.202602081740/tools/bin/../lib/gcc/arm-none-eabi/14.3.1/../../../../arm-none-eabi/lib/thumb/v7e-m+dp/hard\libc_nano.a(libc_a-printf.o)
                0x080093cc                iprintf
                0x080093cc                printf
 .text.__sread  0x080093f0       0x22 C:/ST/STM32CubeIDE_2.2.0/STM32CubeIDE/plugins/com.st.stm32cube.ide.mcu.externaltools.gnu-tools-for-stm32.14.3.rel1.win32_1.0.100.202602081740/tools/bin/../lib/gcc/arm-none-eabi/14.3.1/../../../../arm-none-eabi/lib/thumb/v7e-m+dp/hard\libc_nano.a(libc_a-stdio.o)
                0x080093f0                __sread
 .text.__swrite
                0x08009412       0x38 C:/ST/STM32CubeIDE_2.2.0/STM32CubeIDE/plugins/com.st.stm32cube.ide.mcu.externaltools.gnu-tools-for-stm32.14.3.rel1.win32_1.0.100.202602081740/tools/bin/../lib/gcc/arm-none-eabi/14.3.1/../../../../arm-none-eabi/lib/thumb/v7e-m+dp/hard\libc_nano.a(libc_a-stdio.o)
                0x08009412                __swrite
 .text.__sseek  0x0800944a       0x26 C:/ST/STM32CubeIDE_2.2.0/STM32CubeIDE/plugins/com.st.stm32cube.ide.mcu.externaltools.gnu-tools-for-stm32.14.3.rel1.win32_1.0.100.202602081740/tools/bin/../lib/gcc/arm-none-eabi/14.3.1/../../../../arm-none-eabi/lib/thumb/v7e-m+dp/hard\libc_nano.a(libc_a-stdio.o)
                0x0800944a                __sseek
 .text.__sclose
                0x08009470        0x8 C:/ST/STM32CubeIDE_2.2.0/STM32CubeIDE/plugins/com.st.stm32cube.ide.mcu.externaltools.gnu-tools-for-stm32.14.3.rel1.win32_1.0.100.202602081740/tools/bin/../lib/gcc/arm-none-eabi/14.3.1/../../../../arm-none-eabi/lib/thumb/v7e-m+dp/hard\libc_nano.a(libc_a-stdio.o)
                0x08009470                __sclose
 .text.memset   0x08009478       0x10 C:/ST/STM32CubeIDE_2.2.0/STM32CubeIDE/plugins/com.st.stm32cube.ide.mcu.externaltools.gnu-tools-for-stm32.14.3.rel1.win32_1.0.100.202602081740/tools/bin/../lib/gcc/arm-none-eabi/14.3.1/../../../../arm-none-eabi/lib/thumb/v7e-m+dp/hard\libc_nano.a(libc_a-memset.o)
                0x08009478                memset
 .text._close_r
                0x08009488       0x20 C:/ST/STM32CubeIDE_2.2.0/STM32CubeIDE/plugins/com.st.stm32cube.ide.mcu.externaltools.gnu-tools-for-stm32.14.3.rel1.win32_1.0.100.202602081740/tools/bin/../lib/gcc/arm-none-eabi/14.3.1/../../../../arm-none-eabi/lib/thumb/v7e-m+dp/hard\libc_nano.a(libc_a-closer.o)
                0x08009488                _close_r
 .text._reclaim_reent
                0x080094a8       0xbc C:/ST/STM32CubeIDE_2.2.0/STM32CubeIDE/plugins/com.st.stm32cube.ide.mcu.externaltools.gnu-tools-for-stm32.14.3.rel1.win32_1.0.100.202602081740/tools/bin/../lib/gcc/arm-none-eabi/14.3.1/../../../../arm-none-eabi/lib/thumb/v7e-m+dp/hard\libc_nano.a(libc_a-reent.o)
                0x080094a8                _reclaim_reent
 .text._lseek_r
                0x08009564       0x24 C:/ST/STM32CubeIDE_2.2.0/STM32CubeIDE/plugins/com.st.stm32cube.ide.mcu.externaltools.gnu-tools-for-stm32.14.3.rel1.win32_1.0.100.202602081740/tools/bin/../lib/gcc/arm-none-eabi/14.3.1/../../../../arm-none-eabi/lib/thumb/v7e-m+dp/hard\libc_nano.a(libc_a-lseekr.o)
                0x08009564                _lseek_r
 .text._read_r  0x08009588       0x24 C:/ST/STM32CubeIDE_2.2.0/STM32CubeIDE/plugins/com.st.stm32cube.ide.mcu.externaltools.gnu-tools-for-stm32.14.3.rel1.win32_1.0.100.202602081740/tools/bin/../lib/gcc/arm-none-eabi/14.3.1/../../../../arm-none-eabi/lib/thumb/v7e-m+dp/hard\libc_nano.a(libc_a-readr.o)
                0x08009588                _read_r
 .text._write_r
                0x080095ac       0x24 C:/ST/STM32CubeIDE_2.2.0/STM32CubeIDE/plugins/com.st.stm32cube.ide.mcu.externaltools.gnu-tools-for-stm32.14.3.rel1.win32_1.0.100.202602081740/tools/bin/../lib/gcc/arm-none-eabi/14.3.1/../../../../arm-none-eabi/lib/thumb/v7e-m+dp/hard\libc_nano.a(libc_a-writer.o)
                0x080095ac                _write_r
 .text.__errno  0x080095d0        0xc C:/ST/STM32CubeIDE_2.2.0/STM32CubeIDE/plugins/com.st.stm32cube.ide.mcu.externaltools.gnu-tools-for-stm32.14.3.rel1.win32_1.0.100.202602081740/tools/bin/../lib/gcc/arm-none-eabi/14.3.1/../../../../arm-none-eabi/lib/thumb/v7e-m+dp/hard\libc_nano.a(libc_a-errno.o)
                0x080095d0                __errno
 .text.__libc_init_array
                0x080095dc       0x48 C:/ST/STM32CubeIDE_2.2.0/STM32CubeIDE/plugins/com.st.stm32cube.ide.mcu.externaltools.gnu-tools-for-stm32.14.3.rel1.win32_1.0.100.202602081740/tools/bin/../lib/gcc/arm-none-eabi/14.3.1/../../../../arm-none-eabi/lib/thumb/v7e-m+dp/hard\libc_nano.a(libc_a-init.o)
                0x080095dc                __libc_init_array
 .text.__retarget_lock_init_recursive
                0x08009624        0x2 C:/ST/STM32CubeIDE_2.2.0/STM32CubeIDE/plugins/com.st.stm32cube.ide.mcu.externaltools.gnu-tools-for-stm32.14.3.rel1.win32_1.0.100.202602081740/tools/bin/../lib/gcc/arm-none-eabi/14.3.1/../../../../arm-none-eabi/lib/thumb/v7e-m+dp/hard\libc_nano.a(libc_a-lock.o)
                0x08009624                __retarget_lock_init_recursive
 .text.__retarget_lock_acquire_recursive
                0x08009626        0x2 C:/ST/STM32CubeIDE_2.2.0/STM32CubeIDE/plugins/com.st.stm32cube.ide.mcu.externaltools.gnu-tools-for-stm32.14.3.rel1.win32_1.0.100.202602081740/tools/bin/../lib/gcc/arm-none-eabi/14.3.1/../../../../arm-none-eabi/lib/thumb/v7e-m+dp/hard\libc_nano.a(libc_a-lock.o)
                0x08009626                __retarget_lock_acquire_recursive
 .text.__retarget_lock_release_recursive
                0x08009628        0x2 C:/ST/STM32CubeIDE_2.2.0/STM32CubeIDE/plugins/com.st.stm32cube.ide.mcu.externaltools.gnu-tools-for-stm32.14.3.rel1.win32_1.0.100.202602081740/tools/bin/../lib/gcc/arm-none-eabi/14.3.1/../../../../arm-none-eabi/lib/thumb/v7e-m+dp/hard\libc_nano.a(libc_a-lock.o)
                0x08009628                __retarget_lock_release_recursive
 .text.memcpy   0x0800962a       0x1c C:/ST/STM32CubeIDE_2.2.0/STM32CubeIDE/plugins/com.st.stm32cube.ide.mcu.externaltools.gnu-tools-for-stm32.14.3.rel1.win32_1.0.100.202602081740/tools/bin/../lib/gcc/arm-none-eabi/14.3.1/../../../../arm-none-eabi/lib/thumb/v7e-m+dp/hard\libc_nano.a(libc_a-memcpy-stub.o)
                0x0800962a                memcpy
 *fill*         0x08009646        0x2 
 .text._free_r  0x08009648       0x94 C:/ST/STM32CubeIDE_2.2.0/STM32CubeIDE/plugins/com.st.stm32cube.ide.mcu.externaltools.gnu-tools-for-stm32.14.3.rel1.win32_1.0.100.202602081740/tools/bin/../lib/gcc/arm-none-eabi/14.3.1/../../../../arm-none-eabi/lib/thumb/v7e-m+dp/hard\libc_nano.a(libc_a-freer.o)
                0x08009648                _free_r
 .text.sbrk_aligned
                0x080096dc       0x44 C:/ST/STM32CubeIDE_2.2.0/STM32CubeIDE/plugins/com.st.stm32cube.ide.mcu.externaltools.gnu-tools-for-stm32.14.3.rel1.win32_1.0.100.202602081740/tools/bin/../lib/gcc/arm-none-eabi/14.3.1/../../../../arm-none-eabi/lib/thumb/v7e-m+dp/hard\libc_nano.a(libc_a-mallocr.o)
 .text._malloc_r
                0x08009720      0x100 C:/ST/STM32CubeIDE_2.2.0/STM32CubeIDE/plugins/com.st.stm32cube.ide.mcu.externaltools.gnu-tools-for-stm32.14.3.rel1.win32_1.0.100.202602081740/tools/bin/../lib/gcc/arm-none-eabi/14.3.1/../../../../arm-none-eabi/lib/thumb/v7e-m+dp/hard\libc_nano.a(libc_a-mallocr.o)
                0x08009720                _malloc_r
 .text.__malloc_lock
                0x08009820        0xc C:/ST/STM32CubeIDE_2.2.0/STM32CubeIDE/plugins/com.st.stm32cube.ide.mcu.externaltools.gnu-tools-for-stm32.14.3.rel1.win32_1.0.100.202602081740/tools/bin/../lib/gcc/arm-none-eabi/14.3.1/../../../../arm-none-eabi/lib/thumb/v7e-m+dp/hard\libc_nano.a(libc_a-mlock.o)
                0x08009820                __malloc_lock
 .text.__malloc_unlock
                0x0800982c        0xc C:/ST/STM32CubeIDE_2.2.0/STM32CubeIDE/plugins/com.st.stm32cube.ide.mcu.externaltools.gnu-tools-for-stm32.14.3.rel1.win32_1.0.100.202602081740/tools/bin/../lib/gcc/arm-none-eabi/14.3.1/../../../../arm-none-eabi/lib/thumb/v7e-m+dp/hard\libc_nano.a(libc_a-mlock.o)
                0x0800982c                __malloc_unlock
 .text.__sfputc_r
                0x08009838       0x2e C:/ST/STM32CubeIDE_2.2.0/STM32CubeIDE/plugins/com.st.stm32cube.ide.mcu.externaltools.gnu-tools-for-stm32.14.3.rel1.win32_1.0.100.202602081740/tools/bin/../lib/gcc/arm-none-eabi/14.3.1/../../../../arm-none-eabi/lib/thumb/v7e-m+dp/hard\libc_nano.a(libc_a-nano-vfprintf.o)
 .text.__sfputs_r
                0x08009866       0x24 C:/ST/STM32CubeIDE_2.2.0/STM32CubeIDE/plugins/com.st.stm32cube.ide.mcu.externaltools.gnu-tools-for-stm32.14.3.rel1.win32_1.0.100.202602081740/tools/bin/../lib/gcc/arm-none-eabi/14.3.1/../../../../arm-none-eabi/lib/thumb/v7e-m+dp/hard\libc_nano.a(libc_a-nano-vfprintf.o)
                0x08009866                __sfputs_r
 *fill*         0x0800988a        0x2 
 .text._vfprintf_r
                0x0800988c      0x228 C:/ST/STM32CubeIDE_2.2.0/STM32CubeIDE/plugins/com.st.stm32cube.ide.mcu.externaltools.gnu-tools-for-stm32.14.3.rel1.win32_1.0.100.202602081740/tools/bin/../lib/gcc/arm-none-eabi/14.3.1/../../../../arm-none-eabi/lib/thumb/v7e-m+dp/hard\libc_nano.a(libc_a-nano-vfprintf.o)
                0x0800988c                _vfprintf_r
                0x0800988c                _vfiprintf_r
 .text._printf_common
                0x08009ab4       0xda C:/ST/STM32CubeIDE_2.2.0/STM32CubeIDE/plugins/com.st.stm32cube.ide.mcu.externaltools.gnu-tools-for-stm32.14.3.rel1.win32_1.0.100.202602081740/tools/bin/../lib/gcc/arm-none-eabi/14.3.1/../../../../arm-none-eabi/lib/thumb/v7e-m+dp/hard\libc_nano.a(libc_a-nano-vfprintf_i.o)
                0x08009ab4                _printf_common
 *fill*         0x08009b8e        0x2 
 .text._printf_i
                0x08009b90      0x24c C:/ST/STM32CubeIDE_2.2.0/STM32CubeIDE/plugins/com.st.stm32cube.ide.mcu.externaltools.gnu-tools-for-stm32.14.3.rel1.win32_1.0.100.202602081740/tools/bin/../lib/gcc/arm-none-eabi/14.3.1/../../../../arm-none-eabi/lib/thumb/v7e-m+dp/hard\libc_nano.a(libc_a-nano-vfprintf_i.o)
                0x08009b90                _printf_i
 .text.__sflush_r
                0x08009ddc      0x104 C:/ST/STM32CubeIDE_2.2.0/STM32CubeIDE/plugins/com.st.stm32cube.ide.mcu.externaltools.gnu-tools-for-stm32.14.3.rel1.win32_1.0.100.202602081740/tools/bin/../lib/gcc/arm-none-eabi/14.3.1/../../../../arm-none-eabi/lib/thumb/v7e-m+dp/hard\libc_nano.a(libc_a-fflush.o)
                0x08009ddc                __sflush_r
 .text._fflush_r
                0x08009ee0       0x50 C:/ST/STM32CubeIDE_2.2.0/STM32CubeIDE/plugins/com.st.stm32cube.ide.mcu.externaltools.gnu-tools-for-stm32.14.3.rel1.win32_1.0.100.202602081740/tools/bin/../lib/gcc/arm-none-eabi/14.3.1/../../../../arm-none-eabi/lib/thumb/v7e-m+dp/hard\libc_nano.a(libc_a-fflush.o)
                0x08009ee0                _fflush_r
 .text.__swbuf_r
                0x08009f30       0x7c C:/ST/STM32CubeIDE_2.2.0/STM32CubeIDE/plugins/com.st.stm32cube.ide.mcu.externaltools.gnu-tools-for-stm32.14.3.rel1.win32_1.0.100.202602081740/tools/bin/../lib/gcc/arm-none-eabi/14.3.1/../../../../arm-none-eabi/lib/thumb/v7e-m+dp/hard\libc_nano.a(libc_a-wbuf.o)
                0x08009f30                __swbuf_r
 .text.__swsetup_r
                0x08009fac       0xa8 C:/ST/STM32CubeIDE_2.2.0/STM32CubeIDE/plugins/com.st.stm32cube.ide.mcu.externaltools.gnu-tools-for-stm32.14.3.rel1.win32_1.0.100.202602081740/tools/bin/../lib/gcc/arm-none-eabi/14.3.1/../../../../arm-none-eabi/lib/thumb/v7e-m+dp/hard\libc_nano.a(libc_a-wsetup.o)
                0x08009fac                __swsetup_r
 .text._sbrk_r  0x0800a054       0x20 C:/ST/STM32CubeIDE_2.2.0/STM32CubeIDE/plugins/com.st.stm32cube.ide.mcu.externaltools.gnu-tools-for-stm32.14.3.rel1.win32_1.0.100.202602081740/tools/bin/../lib/gcc/arm-none-eabi/14.3.1/../../../../arm-none-eabi/lib/thumb/v7e-m+dp/hard\libc_nano.a(libc_a-sbrkr.o)
                0x0800a054                _sbrk_r
 .text.__swhatbuf_r
                0x0800a074       0x48 C:/ST/STM32CubeIDE_2.2.0/STM32CubeIDE/plugins/com.st.stm32cube.ide.mcu.externaltools.gnu-tools-for-stm32.14.3.rel1.win32_1.0.100.202602081740/tools/bin/../lib/gcc/arm-none-eabi/14.3.1/../../../../arm-none-eabi/lib/thumb/v7e-m+dp/hard\libc_nano.a(libc_a-makebuf.o)
                0x0800a074                __swhatbuf_r
 .text.__smakebuf_r
                0x0800a0bc       0x72 C:/ST/STM32CubeIDE_2.2.0/STM32CubeIDE/plugins/com.st.stm32cube.ide.mcu.externaltools.gnu-tools-for-stm32.14.3.rel1.win32_1.0.100.202602081740/tools/bin/../lib/gcc/arm-none-eabi/14.3.1/../../../../arm-none-eabi/lib/thumb/v7e-m+dp/hard\libc_nano.a(libc_a-makebuf.o)
                0x0800a0bc                __smakebuf_r
 *fill*         0x0800a12e        0x2 
 .text._fstat_r
                0x0800a130       0x24 C:/ST/STM32CubeIDE_2.2.0/STM32CubeIDE/plugins/com.st.stm32cube.ide.mcu.externaltools.gnu-tools-for-stm32.14.3.rel1.win32_1.0.100.202602081740/tools/bin/../lib/gcc/arm-none-eabi/14.3.1/../../../../arm-none-eabi/lib/thumb/v7e-m+dp/hard\libc_nano.a(libc_a-fstatr.o)
                0x0800a130                _fstat_r
 .text._isatty_r
                0x0800a154       0x20 C:/ST/STM32CubeIDE_2.2.0/STM32CubeIDE/plugins/com.st.stm32cube.ide.mcu.externaltools.gnu-tools-for-stm32.14.3.rel1.win32_1.0.100.202602081740/tools/bin/../lib/gcc/arm-none-eabi/14.3.1/../../../../arm-none-eabi/lib/thumb/v7e-m+dp/hard\libc_nano.a(libc_a-isattyr.o)
                0x0800a154                _isatty_r
 *(.glue_7)
 .glue_7        0x0800a174        0x0 linker stubs
 *(.glue_7t)
 .glue_7t       0x0800a174        0x0 linker stubs
 *(.eh_frame)
 .eh_frame      0x0800a174        0x0 C:/ST/STM32CubeIDE_2.2.0/STM32CubeIDE/plugins/com.st.stm32cube.ide.mcu.externaltools.gnu-tools-for-stm32.14.3.rel1.win32_1.0.100.202602081740/tools/bin/../lib/gcc/arm-none-eabi/14.3.1/thumb/v7e-m+dp/hard/crtbegin.o
 *(.init)
 .init          0x0800a174        0x4 C:/ST/STM32CubeIDE_2.2.0/STM32CubeIDE/plugins/com.st.stm32cube.ide.mcu.externaltools.gnu-tools-for-stm32.14.3.rel1.win32_1.0.100.202602081740/tools/bin/../lib/gcc/arm-none-eabi/14.3.1/thumb/v7e-m+dp/hard/crti.o
                0x0800a174                _init
 .init          0x0800a178        0x8 C:/ST/STM32CubeIDE_2.2.0/STM32CubeIDE/plugins/com.st.stm32cube.ide.mcu.externaltools.gnu-tools-for-stm32.14.3.rel1.win32_1.0.100.202602081740/tools/bin/../lib/gcc/arm-none-eabi/14.3.1/thumb/v7e-m+dp/hard/crtn.o
 *(.fini)
 .fini          0x0800a180        0x4 C:/ST/STM32CubeIDE_2.2.0/STM32CubeIDE/plugins/com.st.stm32cube.ide.mcu.externaltools.gnu-tools-for-stm32.14.3.rel1.win32_1.0.100.202602081740/tools/bin/../lib/gcc/arm-none-eabi/14.3.1/thumb/v7e-m+dp/hard/crti.o
                0x0800a180                _fini
 .fini          0x0800a184        0x8 C:/ST/STM32CubeIDE_2.2.0/STM32CubeIDE/plugins/com.st.stm32cube.ide.mcu.externaltools.gnu-tools-for-stm32.14.3.rel1.win32_1.0.100.202602081740/tools/bin/../lib/gcc/arm-none-eabi/14.3.1/thumb/v7e-m+dp/hard/crtn.o
                0x0800a18c                        . = ALIGN (0x4)
                0x0800a18c                        _etext = .

.vfp11_veneer   0x0800a18c        0x0
 .vfp11_veneer  0x0800a18c        0x0 linker stubs

.v4_bx          0x0800a18c        0x0
 .v4_bx         0x0800a18c        0x0 linker stubs

.iplt           0x0800a18c        0x0
 .iplt          0x0800a18c        0x0 C:/ST/STM32CubeIDE_2.2.0/STM32CubeIDE/plugins/com.st.stm32cube.ide.mcu.externaltools.gnu-tools-for-stm32.14.3.rel1.win32_1.0.100.202602081740/tools/bin/../lib/gcc/arm-none-eabi/14.3.1/thumb/v7e-m+dp/hard/crtbegin.o

.rodata         0x0800a18c       0xc8
                0x0800a18c                        . = ALIGN (0x4)
 *(.rodata)
 .rodata        0x0800a18c        0x5 ./Middlewares/Third_Party/FreeRTOS/Source/tasks.o
 *fill*         0x0800a191        0x3 
 .rodata        0x0800a194        0xd ./Middlewares/Third_Party/FreeRTOS/Source/timers.o
 *(.rodata*)
 *fill*         0x0800a1a1        0x3 
 .rodata.str1.4
                0x0800a1a4       0x1f ./Core/Src/main.o
                                  0xc (size before relaxing)
 *fill*         0x0800a1c3        0x1 
 .rodata.readFromADC_attributes
                0x0800a1c4       0x24 ./Core/Src/main.o
                0x0800a1c4                readFromADC_attributes
 .rodata.StartReadADCTask.str1.4
                0x0800a1e8       0x13 ./Core/Src/main.o
 .rodata.D1CorePrescTable
                0x0800a1e8       0x10 ./Core/Src/system_stm32h7xx.o
                0x0800a1e8                D1CorePrescTable
 .rodata.LED_PIN
                0x0800a1f8        0x6 ./Drivers/BSP/STM32H7xx_Nucleo/stm32h7xx_nucleo.o
 *fill*         0x0800a1fe        0x2 
 .rodata.BUTTON_EXTI_LINE.2
                0x0800a200        0x4 ./Drivers/BSP/STM32H7xx_Nucleo/stm32h7xx_nucleo.o
 .rodata.UARTPrescTable
                0x0800a204       0x18 ./Drivers/STM32H7xx_HAL_Driver/Src/stm32h7xx_hal_uart.o
                0x0800a204                UARTPrescTable
 .rodata.uxTopUsedPriority
                0x0800a21c        0x4 ./Middlewares/Third_Party/FreeRTOS/Source/tasks.o
                0x0800a21c                uxTopUsedPriority
 .rodata._vfprintf_r.str1.1
                0x0800a220       0x33 C:/ST/STM32CubeIDE_2.2.0/STM32CubeIDE/plugins/com.st.stm32cube.ide.mcu.externaltools.gnu-tools-for-stm32.14.3.rel1.win32_1.0.100.202602081740/tools/bin/../lib/gcc/arm-none-eabi/14.3.1/../../../../arm-none-eabi/lib/thumb/v7e-m+dp/hard\libc_nano.a(libc_a-nano-vfprintf.o)
                                 0x11 (size before relaxing)
 .rodata._printf_i.str1.1
                0x0800a253       0x22 C:/ST/STM32CubeIDE_2.2.0/STM32CubeIDE/plugins/com.st.stm32cube.ide.mcu.externaltools.gnu-tools-for-stm32.14.3.rel1.win32_1.0.100.202602081740/tools/bin/../lib/gcc/arm-none-eabi/14.3.1/../../../../arm-none-eabi/lib/thumb/v7e-m+dp/hard\libc_nano.a(libc_a-nano-vfprintf_i.o)
                0x0800a278                        . = ALIGN (0x4)
 *fill*         0x0800a253        0x1 

.ARM.extab
 *(.ARM.extab* .gnu.linkonce.armextab.*)

.ARM            0x0800a254        0x8
                0x0800a254                        __exidx_start = .
 *(.ARM.exidx*)
 .ARM.exidx     0x0800a254        0x8 C:/ST/STM32CubeIDE_2.2.0/STM32CubeIDE/plugins/com.st.stm32cube.ide.mcu.externaltools.gnu-tools-for-stm32.14.3.rel1.win32_1.0.100.202602081740/tools/bin/../lib/gcc/arm-none-eabi/14.3.1/../../../../arm-none-eabi/lib/thumb/v7e-m+dp/hard\libc_nano.a(libc_a-memchr.o)
 .ARM.exidx     0x0800a25c        0x0 C:/ST/STM32CubeIDE_2.2.0/STM32CubeIDE/plugins/com.st.stm32cube.ide.mcu.externaltools.gnu-tools-for-stm32.14.3.rel1.win32_1.0.100.202602081740/tools/bin/../lib/gcc/arm-none-eabi/14.3.1/thumb/v7e-m+dp/hard\libgcc.a(_udivmoddi4.o)
                                  0x8 (size before relaxing)
                0x0800a25c                        __exidx_end = .

.preinit_array  0x0800a25c        0x0
                0x0800a25c                        PROVIDE (__preinit_array_start = .)
 *(.preinit_array*)
                0x0800a25c                        PROVIDE (__preinit_array_end = .)

.init_array     0x0800a25c        0x4
                0x0800a25c                        PROVIDE (__init_array_start = .)
 *(SORT_BY_NAME(.init_array.*))
 *(.init_array*)
 .init_array    0x0800a25c        0x4 C:/ST/STM32CubeIDE_2.2.0/STM32CubeIDE/plugins/com.st.stm32cube.ide.mcu.externaltools.gnu-tools-for-stm32.14.3.rel1.win32_1.0.100.202602081740/tools/bin/../lib/gcc/arm-none-eabi/14.3.1/thumb/v7e-m+dp/hard/crtbegin.o
                0x0800a260                        PROVIDE (__init_array_end = .)

.fini_array     0x0800a260        0x4
                [!provide]                        PROVIDE (__fini_array_start = .)
 *(SORT_BY_NAME(.fini_array.*))
 *(.fini_array*)
 .fini_array    0x0800a260        0x4 C:/ST/STM32CubeIDE_2.2.0/STM32CubeIDE/plugins/com.st.stm32cube.ide.mcu.externaltools.gnu-tools-for-stm32.14.3.rel1.win32_1.0.100.202602081740/tools/bin/../lib/gcc/arm-none-eabi/14.3.1/thumb/v7e-m+dp/hard/crtbegin.o
                [!provide]                        PROVIDE (__fini_array_end = .)
                0x0800a264                        _sidata = LOADADDR (.data)

.rel.dyn        0x0800a264        0x0
 .rel.iplt      0x0800a264        0x0 C:/ST/STM32CubeIDE_2.2.0/STM32CubeIDE/plugins/com.st.stm32cube.ide.mcu.externaltools.gnu-tools-for-stm32.14.3.rel1.win32_1.0.100.202602081740/tools/bin/../lib/gcc/arm-none-eabi/14.3.1/thumb/v7e-m+dp/hard/crtbegin.o

.data           0x24000000       0x8c load address 0x0800a264
                0x24000000                        . = ALIGN (0x4)
                0x24000000                        _sdata = .
 *(.data)
 *(.data*)
 .data.SystemCoreClock
                0x24000000        0x4 ./Core/Src/system_stm32h7xx.o
                0x24000000                SystemCoreClock
 .data.SystemD2Clock
                0x24000004        0x4 ./Core/Src/system_stm32h7xx.o
                0x24000004                SystemD2Clock
 .data.COM_USART
                0x24000008        0x4 ./Drivers/BSP/STM32H7xx_Nucleo/stm32h7xx_nucleo.o
                0x24000008                COM_USART
 .data.LED_PORT
                0x2400000c        0xc ./Drivers/BSP/STM32H7xx_Nucleo/stm32h7xx_nucleo.o
 .data.BUTTON_PORT
                0x24000018        0x4 ./Drivers/BSP/STM32H7xx_Nucleo/stm32h7xx_nucleo.o
 .data.ButtonCallback.1
                0x2400001c        0x4 ./Drivers/BSP/STM32H7xx_Nucleo/stm32h7xx_nucleo.o
 .data.BSP_BUTTON_PRIO.0
                0x24000020        0x4 ./Drivers/BSP/STM32H7xx_Nucleo/stm32h7xx_nucleo.o
 .data.uwTickPrio
                0x24000024        0x4 ./Drivers/STM32H7xx_HAL_Driver/Src/stm32h7xx_hal.o
                0x24000024                uwTickPrio
 .data.uwTickFreq
                0x24000028        0x1 ./Drivers/STM32H7xx_HAL_Driver/Src/stm32h7xx_hal.o
                0x24000028                uwTickFreq
 *fill*         0x24000029        0x3 
 .data.uxCriticalNesting
                0x2400002c        0x4 ./Middlewares/Third_Party/FreeRTOS/Source/portable/GCC/ARM_CM4F/port.o
 .data.__sglue  0x24000030        0xc C:/ST/STM32CubeIDE_2.2.0/STM32CubeIDE/plugins/com.st.stm32cube.ide.mcu.externaltools.gnu-tools-for-stm32.14.3.rel1.win32_1.0.100.202602081740/tools/bin/../lib/gcc/arm-none-eabi/14.3.1/../../../../arm-none-eabi/lib/thumb/v7e-m+dp/hard\libc_nano.a(libc_a-findfp.o)
                0x24000030                __sglue
 .data._impure_ptr
                0x2400003c        0x4 C:/ST/STM32CubeIDE_2.2.0/STM32CubeIDE/plugins/com.st.stm32cube.ide.mcu.externaltools.gnu-tools-for-stm32.14.3.rel1.win32_1.0.100.202602081740/tools/bin/../lib/gcc/arm-none-eabi/14.3.1/../../../../arm-none-eabi/lib/thumb/v7e-m+dp/hard\libc_nano.a(libc_a-impure.o)
                0x2400003c                _impure_ptr
 .data._impure_data
                0x24000040       0x4c C:/ST/STM32CubeIDE_2.2.0/STM32CubeIDE/plugins/com.st.stm32cube.ide.mcu.externaltools.gnu-tools-for-stm32.14.3.rel1.win32_1.0.100.202602081740/tools/bin/../lib/gcc/arm-none-eabi/14.3.1/../../../../arm-none-eabi/lib/thumb/v7e-m+dp/hard\libc_nano.a(libc_a-impure.o)
                0x24000040                _impure_data
 *(.RamFunc)
 *(.RamFunc*)
                0x2400008c                        . = ALIGN (0x4)
                0x2400008c                        _edata = .

.igot.plt       0x2400008c        0x0 load address 0x0800a2f0
 .igot.plt      0x2400008c        0x0 C:/ST/STM32CubeIDE_2.2.0/STM32CubeIDE/plugins/com.st.stm32cube.ide.mcu.externaltools.gnu-tools-for-stm32.14.3.rel1.win32_1.0.100.202602081740/tools/bin/../lib/gcc/arm-none-eabi/14.3.1/thumb/v7e-m+dp/hard/crtbegin.o
                0x2400008c                        . = ALIGN (0x4)

.bss            0x2400008c     0x4cdc load address 0x0800a2f0
                0x2400008c                        _sbss = .
                0x2400008c                        __bss_start__ = _sbss
 *(.bss)
 .bss           0x2400008c       0x1c C:/ST/STM32CubeIDE_2.2.0/STM32CubeIDE/plugins/com.st.stm32cube.ide.mcu.externaltools.gnu-tools-for-stm32.14.3.rel1.win32_1.0.100.202602081740/tools/bin/../lib/gcc/arm-none-eabi/14.3.1/thumb/v7e-m+dp/hard/crtbegin.o
 *(.bss*)
 .bss.BspCOMInit
                0x240000a8       0x10 ./Core/Src/main.o
                0x240000a8                BspCOMInit
 .bss.hspi1     0x240000b8       0x88 ./Core/Src/main.o
                0x240000b8                hspi1
 .bss.readFromADC
                0x24000140        0x4 ./Core/Src/main.o
                0x24000140                readFromADC
 .bss.htim1     0x24000144       0x4c ./Core/Src/stm32h7xx_hal_timebase_tim.o
                0x24000144                htim1
 .bss.__sbrk_heap_end
                0x24000190        0x4 ./Core/Src/sysmem.o
 .bss.hpb_exti  0x24000194        0x8 ./Drivers/BSP/STM32H7xx_Nucleo/stm32h7xx_nucleo.o
                0x24000194                hpb_exti
 .bss.hcom_uart
                0x2400019c       0x94 ./Drivers/BSP/STM32H7xx_Nucleo/stm32h7xx_nucleo.o
                0x2400019c                hcom_uart
 .bss.COM_ActiveLogPort
                0x24000230        0x1 ./Drivers/BSP/STM32H7xx_Nucleo/stm32h7xx_nucleo.o
 *fill*         0x24000231        0x3 
 .bss.uwTick    0x24000234        0x4 ./Drivers/STM32H7xx_HAL_Driver/Src/stm32h7xx_hal.o
                0x24000234                uwTick
 .bss.KernelState
                0x24000238        0x4 ./Middlewares/Third_Party/FreeRTOS/Source/CMSIS_RTOS_V2/cmsis_os2.o
 .bss.Idle_TCB.3
                0x2400023c       0xa8 ./Middlewares/Third_Party/FreeRTOS/Source/CMSIS_RTOS_V2/cmsis_os2.o
 .bss.Idle_Stack.2
                0x240002e4      0x200 ./Middlewares/Third_Party/FreeRTOS/Source/CMSIS_RTOS_V2/cmsis_os2.o
 .bss.Timer_TCB.1
                0x240004e4       0xa8 ./Middlewares/Third_Party/FreeRTOS/Source/CMSIS_RTOS_V2/cmsis_os2.o
 .bss.Timer_Stack.0
                0x2400058c      0x400 ./Middlewares/Third_Party/FreeRTOS/Source/CMSIS_RTOS_V2/cmsis_os2.o
 .bss.xQueueRegistry
                0x2400098c       0x40 ./Middlewares/Third_Party/FreeRTOS/Source/queue.o
                0x2400098c                xQueueRegistry
 .bss.pxCurrentTCB
                0x240009cc        0x4 ./Middlewares/Third_Party/FreeRTOS/Source/tasks.o
                0x240009cc                pxCurrentTCB
 .bss.pxReadyTasksLists
                0x240009d0      0x460 ./Middlewares/Third_Party/FreeRTOS/Source/tasks.o
 .bss.xDelayedTaskList1
                0x24000e30       0x14 ./Middlewares/Third_Party/FreeRTOS/Source/tasks.o
 .bss.xDelayedTaskList2
                0x24000e44       0x14 ./Middlewares/Third_Party/FreeRTOS/Source/tasks.o
 .bss.pxDelayedTaskList
                0x24000e58        0x4 ./Middlewares/Third_Party/FreeRTOS/Source/tasks.o
 .bss.pxOverflowDelayedTaskList
                0x24000e5c        0x4 ./Middlewares/Third_Party/FreeRTOS/Source/tasks.o
 .bss.xPendingReadyList
                0x24000e60       0x14 ./Middlewares/Third_Party/FreeRTOS/Source/tasks.o
 .bss.xTasksWaitingTermination
                0x24000e74       0x14 ./Middlewares/Third_Party/FreeRTOS/Source/tasks.o
 .bss.uxDeletedTasksWaitingCleanUp
                0x24000e88        0x4 ./Middlewares/Third_Party/FreeRTOS/Source/tasks.o
 .bss.xSuspendedTaskList
                0x24000e8c       0x14 ./Middlewares/Third_Party/FreeRTOS/Source/tasks.o
 .bss.uxCurrentNumberOfTasks
                0x24000ea0        0x4 ./Middlewares/Third_Party/FreeRTOS/Source/tasks.o
 .bss.xTickCount
                0x24000ea4        0x4 ./Middlewares/Third_Party/FreeRTOS/Source/tasks.o
 .bss.uxTopReadyPriority
                0x24000ea8        0x4 ./Middlewares/Third_Party/FreeRTOS/Source/tasks.o
 .bss.xSchedulerRunning
                0x24000eac        0x4 ./Middlewares/Third_Party/FreeRTOS/Source/tasks.o
 .bss.xPendedTicks
                0x24000eb0        0x4 ./Middlewares/Third_Party/FreeRTOS/Source/tasks.o
 .bss.xYieldPending
                0x24000eb4        0x4 ./Middlewares/Third_Party/FreeRTOS/Source/tasks.o
 .bss.xNumOfOverflows
                0x24000eb8        0x4 ./Middlewares/Third_Party/FreeRTOS/Source/tasks.o
 .bss.uxTaskNumber
                0x24000ebc        0x4 ./Middlewares/Third_Party/FreeRTOS/Source/tasks.o
 .bss.xNextTaskUnblockTime
                0x24000ec0        0x4 ./Middlewares/Third_Party/FreeRTOS/Source/tasks.o
 .bss.xIdleTaskHandle
                0x24000ec4        0x4 ./Middlewares/Third_Party/FreeRTOS/Source/tasks.o
 .bss.uxSchedulerSuspended
                0x24000ec8        0x4 ./Middlewares/Third_Party/FreeRTOS/Source/tasks.o
 .bss.xActiveTimerList1
                0x24000ecc       0x14 ./Middlewares/Third_Party/FreeRTOS/Source/timers.o
 .bss.xActiveTimerList2
                0x24000ee0       0x14 ./Middlewares/Third_Party/FreeRTOS/Source/timers.o
 .bss.pxCurrentTimerList
                0x24000ef4        0x4 ./Middlewares/Third_Party/FreeRTOS/Source/timers.o
 .bss.pxOverflowTimerList
                0x24000ef8        0x4 ./Middlewares/Third_Party/FreeRTOS/Source/timers.o
 .bss.xTimerQueue
                0x24000efc        0x4 ./Middlewares/Third_Party/FreeRTOS/Source/timers.o
 .bss.xTimerTaskHandle
                0x24000f00        0x4 ./Middlewares/Third_Party/FreeRTOS/Source/timers.o
 .bss.xLastTime.2
                0x24000f04        0x4 ./Middlewares/Third_Party/FreeRTOS/Source/timers.o
 .bss.ucStaticTimerQueueStorage.1
                0x24000f08       0xa0 ./Middlewares/Third_Party/FreeRTOS/Source/timers.o
 .bss.xStaticTimerQueue.0
                0x24000fa8       0x50 ./Middlewares/Third_Party/FreeRTOS/Source/timers.o
 .bss.ucMaxSysCallPriority
                0x24000ff8        0x1 ./Middlewares/Third_Party/FreeRTOS/Source/portable/GCC/ARM_CM4F/port.o
 *fill*         0x24000ff9        0x3 
 .bss.ulMaxPRIGROUPValue
                0x24000ffc        0x4 ./Middlewares/Third_Party/FreeRTOS/Source/portable/GCC/ARM_CM4F/port.o
 .bss.ucHeap    0x24001000     0x3c00 ./Middlewares/Third_Party/FreeRTOS/Source/portable/MemMang/heap_4.o
 .bss.xStart    0x24004c00        0x8 ./Middlewares/Third_Party/FreeRTOS/Source/portable/MemMang/heap_4.o
 .bss.pxEnd     0x24004c08        0x4 ./Middlewares/Third_Party/FreeRTOS/Source/portable/MemMang/heap_4.o
 .bss.xFreeBytesRemaining
                0x24004c0c        0x4 ./Middlewares/Third_Party/FreeRTOS/Source/portable/MemMang/heap_4.o
 .bss.xMinimumEverFreeBytesRemaining
                0x24004c10        0x4 ./Middlewares/Third_Party/FreeRTOS/Source/portable/MemMang/heap_4.o
 .bss.xNumberOfSuccessfulAllocations
                0x24004c14        0x4 ./Middlewares/Third_Party/FreeRTOS/Source/portable/MemMang/heap_4.o
 .bss.xNumberOfSuccessfulFrees
                0x24004c18        0x4 ./Middlewares/Third_Party/FreeRTOS/Source/portable/MemMang/heap_4.o
 .bss.__sf      0x24004c1c      0x138 C:/ST/STM32CubeIDE_2.2.0/STM32CubeIDE/plugins/com.st.stm32cube.ide.mcu.externaltools.gnu-tools-for-stm32.14.3.rel1.win32_1.0.100.202602081740/tools/bin/../lib/gcc/arm-none-eabi/14.3.1/../../../../arm-none-eabi/lib/thumb/v7e-m+dp/hard\libc_nano.a(libc_a-findfp.o)
                0x24004c1c                __sf
 .bss.__stdio_exit_handler
                0x24004d54        0x4 C:/ST/STM32CubeIDE_2.2.0/STM32CubeIDE/plugins/com.st.stm32cube.ide.mcu.externaltools.gnu-tools-for-stm32.14.3.rel1.win32_1.0.100.202602081740/tools/bin/../lib/gcc/arm-none-eabi/14.3.1/../../../../arm-none-eabi/lib/thumb/v7e-m+dp/hard\libc_nano.a(libc_a-findfp.o)
                0x24004d54                __stdio_exit_handler
 .bss.errno     0x24004d58        0x4 C:/ST/STM32CubeIDE_2.2.0/STM32CubeIDE/plugins/com.st.stm32cube.ide.mcu.externaltools.gnu-tools-for-stm32.14.3.rel1.win32_1.0.100.202602081740/tools/bin/../lib/gcc/arm-none-eabi/14.3.1/../../../../arm-none-eabi/lib/thumb/v7e-m+dp/hard\libc_nano.a(libc_a-reent.o)
                0x24004d58                errno
 .bss.__lock___malloc_recursive_mutex
                0x24004d5c        0x1 C:/ST/STM32CubeIDE_2.2.0/STM32CubeIDE/plugins/com.st.stm32cube.ide.mcu.externaltools.gnu-tools-for-stm32.14.3.rel1.win32_1.0.100.202602081740/tools/bin/../lib/gcc/arm-none-eabi/14.3.1/../../../../arm-none-eabi/lib/thumb/v7e-m+dp/hard\libc_nano.a(libc_a-lock.o)
                0x24004d5c                __lock___malloc_recursive_mutex
 .bss.__lock___sfp_recursive_mutex
                0x24004d5d        0x1 C:/ST/STM32CubeIDE_2.2.0/STM32CubeIDE/plugins/com.st.stm32cube.ide.mcu.externaltools.gnu-tools-for-stm32.14.3.rel1.win32_1.0.100.202602081740/tools/bin/../lib/gcc/arm-none-eabi/14.3.1/../../../../arm-none-eabi/lib/thumb/v7e-m+dp/hard\libc_nano.a(libc_a-lock.o)
                0x24004d5d                __lock___sfp_recursive_mutex
 *fill*         0x24004d5e        0x2 
 .bss.__malloc_sbrk_start
                0x24004d60        0x4 C:/ST/STM32CubeIDE_2.2.0/STM32CubeIDE/plugins/com.st.stm32cube.ide.mcu.externaltools.gnu-tools-for-stm32.14.3.rel1.win32_1.0.100.202602081740/tools/bin/../lib/gcc/arm-none-eabi/14.3.1/../../../../arm-none-eabi/lib/thumb/v7e-m+dp/hard\libc_nano.a(libc_a-mallocr.o)
                0x24004d60                __malloc_sbrk_start
 .bss.__malloc_free_list
                0x24004d64        0x4 C:/ST/STM32CubeIDE_2.2.0/STM32CubeIDE/plugins/com.st.stm32cube.ide.mcu.externaltools.gnu-tools-for-stm32.14.3.rel1.win32_1.0.100.202602081740/tools/bin/../lib/gcc/arm-none-eabi/14.3.1/../../../../arm-none-eabi/lib/thumb/v7e-m+dp/hard\libc_nano.a(libc_a-mallocr.o)
                0x24004d64                __malloc_free_list
 *(COMMON)
                0x24004d68                        . = ALIGN (0x4)
                0x24004d68                        _ebss = .
                0x24004d68                        __bss_end__ = _ebss

._user_heap_stack
                0x24004d68      0x600 load address 0x0800a2f0
                0x24004d68                        . = ALIGN (0x8)
                [!provide]                        PROVIDE (end = .)
                0x24004d68                        PROVIDE (_end = .)
                0x24004f68                        . = (. + _Min_Heap_Size)
 *fill*         0x24004d68      0x200 
                0x24005368                        . = (. + _Min_Stack_Size)
 *fill*         0x24004f68      0x400 
                0x24005368                        . = ALIGN (0x8)

/DISCARD/
 libc.a(*)
 libm.a(*)
 libgcc.a(*)

.ARM.attributes
                0x00000000       0x2e
 *(.ARM.attributes)
 .ARM.attributes
                0x00000000       0x20 C:/ST/STM32CubeIDE_2.2.0/STM32CubeIDE/plugins/com.st.stm32cube.ide.mcu.externaltools.gnu-tools-for-stm32.14.3.rel1.win32_1.0.100.202602081740/tools/bin/../lib/gcc/arm-none-eabi/14.3.1/thumb/v7e-m+dp/hard/crti.o
 .ARM.attributes
                0x00000020       0x32 C:/ST/STM32CubeIDE_2.2.0/STM32CubeIDE/plugins/com.st.stm32cube.ide.mcu.externaltools.gnu-tools-for-stm32.14.3.rel1.win32_1.0.100.202602081740/tools/bin/../lib/gcc/arm-none-eabi/14.3.1/thumb/v7e-m+dp/hard/crtbegin.o
 .ARM.attributes
                0x00000052       0x32 ./Core/Src/ADC.o
 .ARM.attributes
                0x00000084       0x32 ./Core/Src/main.o
 .ARM.attributes
                0x000000b6       0x32 ./Core/Src/stm32h7xx_hal_msp.o
 .ARM.attributes
                0x000000e8       0x32 ./Core/Src/stm32h7xx_hal_timebase_tim.o
 .ARM.attributes
                0x0000011a       0x32 ./Core/Src/stm32h7xx_it.o
 .ARM.attributes
                0x0000014c       0x32 ./Core/Src/syscalls.o
 .ARM.attributes
                0x0000017e       0x32 ./Core/Src/sysmem.o
 .ARM.attributes
                0x000001b0       0x32 ./Core/Src/system_stm32h7xx.o
 .ARM.attributes
                0x000001e2       0x21 ./Core/Startup/startup_stm32h723zgtx.o
 .ARM.attributes
                0x00000203       0x32 ./Drivers/BSP/STM32H7xx_Nucleo/stm32h7xx_nucleo.o
 .ARM.attributes
                0x00000235       0x32 ./Drivers/STM32H7xx_HAL_Driver/Src/stm32h7xx_hal.o
 .ARM.attributes
                0x00000267       0x32 ./Drivers/STM32H7xx_HAL_Driver/Src/stm32h7xx_hal_cortex.o
 .ARM.attributes
                0x00000299       0x32 ./Drivers/STM32H7xx_HAL_Driver/Src/stm32h7xx_hal_exti.o
 .ARM.attributes
                0x000002cb       0x32 ./Drivers/STM32H7xx_HAL_Driver/Src/stm32h7xx_hal_gpio.o
 .ARM.attributes
                0x000002fd       0x32 ./Drivers/STM32H7xx_HAL_Driver/Src/stm32h7xx_hal_pwr_ex.o
 .ARM.attributes
                0x0000032f       0x32 ./Drivers/STM32H7xx_HAL_Driver/Src/stm32h7xx_hal_rcc.o
 .ARM.attributes
                0x00000361       0x32 ./Drivers/STM32H7xx_HAL_Driver/Src/stm32h7xx_hal_rcc_ex.o
 .ARM.attributes
                0x00000393       0x32 ./Drivers/STM32H7xx_HAL_Driver/Src/stm32h7xx_hal_spi.o
 .ARM.attributes
                0x000003c5       0x32 ./Drivers/STM32H7xx_HAL_Driver/Src/stm32h7xx_hal_tim.o
 .ARM.attributes
                0x000003f7       0x32 ./Drivers/STM32H7xx_HAL_Driver/Src/stm32h7xx_hal_tim_ex.o
 .ARM.attributes
                0x00000429       0x32 ./Drivers/STM32H7xx_HAL_Driver/Src/stm32h7xx_hal_uart.o
 .ARM.attributes
                0x0000045b       0x32 ./Middlewares/Third_Party/FreeRTOS/Source/CMSIS_RTOS_V2/cmsis_os2.o
 .ARM.attributes
                0x0000048d       0x32 ./Middlewares/Third_Party/FreeRTOS/Source/list.o
 .ARM.attributes
                0x000004bf       0x32 ./Middlewares/Third_Party/FreeRTOS/Source/queue.o
 .ARM.attributes
                0x000004f1       0x32 ./Middlewares/Third_Party/FreeRTOS/Source/tasks.o
 .ARM.attributes
                0x00000523       0x32 ./Middlewares/Third_Party/FreeRTOS/Source/timers.o
 .ARM.attributes
                0x00000555       0x32 ./Middlewares/Third_Party/FreeRTOS/Source/portable/GCC/ARM_CM4F/port.o
 .ARM.attributes
                0x00000587       0x32 ./Middlewares/Third_Party/FreeRTOS/Source/portable/MemMang/heap_4.o
 .ARM.attributes
                0x000005b9       0x32 C:/ST/STM32CubeIDE_2.2.0/STM32CubeIDE/plugins/com.st.stm32cube.ide.mcu.externaltools.gnu-tools-for-stm32.14.3.rel1.win32_1.0.100.202602081740/tools/bin/../lib/gcc/arm-none-eabi/14.3.1/../../../../arm-none-eabi/lib/thumb/v7e-m+dp/hard\libc_nano.a(libc_a-findfp.o)
 .ARM.attributes
                0x000005eb       0x32 C:/ST/STM32CubeIDE_2.2.0/STM32CubeIDE/plugins/com.st.stm32cube.ide.mcu.externaltools.gnu-tools-for-stm32.14.3.rel1.win32_1.0.100.202602081740/tools/bin/../lib/gcc/arm-none-eabi/14.3.1/../../../../arm-none-eabi/lib/thumb/v7e-m+dp/hard\libc_nano.a(libc_a-fwalk.o)
 .ARM.attributes
                0x0000061d       0x32 C:/ST/STM32CubeIDE_2.2.0/STM32CubeIDE/plugins/com.st.stm32cube.ide.mcu.externaltools.gnu-tools-for-stm32.14.3.rel1.win32_1.0.100.202602081740/tools/bin/../lib/gcc/arm-none-eabi/14.3.1/../../../../arm-none-eabi/lib/thumb/v7e-m+dp/hard\libc_nano.a(libc_a-printf.o)
 .ARM.attributes
                0x0000064f       0x32 C:/ST/STM32CubeIDE_2.2.0/STM32CubeIDE/plugins/com.st.stm32cube.ide.mcu.externaltools.gnu-tools-for-stm32.14.3.rel1.win32_1.0.100.202602081740/tools/bin/../lib/gcc/arm-none-eabi/14.3.1/../../../../arm-none-eabi/lib/thumb/v7e-m+dp/hard\libc_nano.a(libc_a-stdio.o)
 .ARM.attributes
                0x00000681       0x32 C:/ST/STM32CubeIDE_2.2.0/STM32CubeIDE/plugins/com.st.stm32cube.ide.mcu.externaltools.gnu-tools-for-stm32.14.3.rel1.win32_1.0.100.202602081740/tools/bin/../lib/gcc/arm-none-eabi/14.3.1/../../../../arm-none-eabi/lib/thumb/v7e-m+dp/hard\libc_nano.a(libc_a-memset.o)
 .ARM.attributes
                0x000006b3       0x32 C:/ST/STM32CubeIDE_2.2.0/STM32CubeIDE/plugins/com.st.stm32cube.ide.mcu.externaltools.gnu-tools-for-stm32.14.3.rel1.win32_1.0.100.202602081740/tools/bin/../lib/gcc/arm-none-eabi/14.3.1/../../../../arm-none-eabi/lib/thumb/v7e-m+dp/hard\libc_nano.a(libc_a-closer.o)
 .ARM.attributes
                0x000006e5       0x32 C:/ST/STM32CubeIDE_2.2.0/STM32CubeIDE/plugins/com.st.stm32cube.ide.mcu.externaltools.gnu-tools-for-stm32.14.3.rel1.win32_1.0.100.202602081740/tools/bin/../lib/gcc/arm-none-eabi/14.3.1/../../../../arm-none-eabi/lib/thumb/v7e-m+dp/hard\libc_nano.a(libc_a-reent.o)
 .ARM.attributes
                0x00000717       0x32 C:/ST/STM32CubeIDE_2.2.0/STM32CubeIDE/plugins/com.st.stm32cube.ide.mcu.externaltools.gnu-tools-for-stm32.14.3.rel1.win32_1.0.100.202602081740/tools/bin/../lib/gcc/arm-none-eabi/14.3.1/../../../../arm-none-eabi/lib/thumb/v7e-m+dp/hard\libc_nano.a(libc_a-impure.o)
 .ARM.attributes
                0x00000749       0x32 C:/ST/STM32CubeIDE_2.2.0/STM32CubeIDE/plugins/com.st.stm32cube.ide.mcu.externaltools.gnu-tools-for-stm32.14.3.rel1.win32_1.0.100.202602081740/tools/bin/../lib/gcc/arm-none-eabi/14.3.1/../../../../arm-none-eabi/lib/thumb/v7e-m+dp/hard\libc_nano.a(libc_a-lseekr.o)
 .ARM.attributes
                0x0000077b       0x32 C:/ST/STM32CubeIDE_2.2.0/STM32CubeIDE/plugins/com.st.stm32cube.ide.mcu.externaltools.gnu-tools-for-stm32.14.3.rel1.win32_1.0.100.202602081740/tools/bin/../lib/gcc/arm-none-eabi/14.3.1/../../../../arm-none-eabi/lib/thumb/v7e-m+dp/hard\libc_nano.a(libc_a-readr.o)
 .ARM.attributes
                0x000007ad       0x32 C:/ST/STM32CubeIDE_2.2.0/STM32CubeIDE/plugins/com.st.stm32cube.ide.mcu.externaltools.gnu-tools-for-stm32.14.3.rel1.win32_1.0.100.202602081740/tools/bin/../lib/gcc/arm-none-eabi/14.3.1/../../../../arm-none-eabi/lib/thumb/v7e-m+dp/hard\libc_nano.a(libc_a-writer.o)
 .ARM.attributes
                0x000007df       0x32 C:/ST/STM32CubeIDE_2.2.0/STM32CubeIDE/plugins/com.st.stm32cube.ide.mcu.externaltools.gnu-tools-for-stm32.14.3.rel1.win32_1.0.100.202602081740/tools/bin/../lib/gcc/arm-none-eabi/14.3.1/../../../../arm-none-eabi/lib/thumb/v7e-m+dp/hard\libc_nano.a(libc_a-errno.o)
 .ARM.attributes
                0x00000811       0x32 C:/ST/STM32CubeIDE_2.2.0/STM32CubeIDE/plugins/com.st.stm32cube.ide.mcu.externaltools.gnu-tools-for-stm32.14.3.rel1.win32_1.0.100.202602081740/tools/bin/../lib/gcc/arm-none-eabi/14.3.1/../../../../arm-none-eabi/lib/thumb/v7e-m+dp/hard\libc_nano.a(libc_a-init.o)
 .ARM.attributes
                0x00000843       0x32 C:/ST/STM32CubeIDE_2.2.0/STM32CubeIDE/plugins/com.st.stm32cube.ide.mcu.externaltools.gnu-tools-for-stm32.14.3.rel1.win32_1.0.100.202602081740/tools/bin/../lib/gcc/arm-none-eabi/14.3.1/../../../../arm-none-eabi/lib/thumb/v7e-m+dp/hard\libc_nano.a(libc_a-lock.o)
 .ARM.attributes
                0x00000875       0x32 C:/ST/STM32CubeIDE_2.2.0/STM32CubeIDE/plugins/com.st.stm32cube.ide.mcu.externaltools.gnu-tools-for-stm32.14.3.rel1.win32_1.0.100.202602081740/tools/bin/../lib/gcc/arm-none-eabi/14.3.1/../../../../arm-none-eabi/lib/thumb/v7e-m+dp/hard\libc_nano.a(libc_a-memcpy-stub.o)
 .ARM.attributes
                0x000008a7       0x32 C:/ST/STM32CubeIDE_2.2.0/STM32CubeIDE/plugins/com.st.stm32cube.ide.mcu.externaltools.gnu-tools-for-stm32.14.3.rel1.win32_1.0.100.202602081740/tools/bin/../lib/gcc/arm-none-eabi/14.3.1/../../../../arm-none-eabi/lib/thumb/v7e-m+dp/hard\libc_nano.a(libc_a-freer.o)
 .ARM.attributes
                0x000008d9       0x32 C:/ST/STM32CubeIDE_2.2.0/STM32CubeIDE/plugins/com.st.stm32cube.ide.mcu.externaltools.gnu-tools-for-stm32.14.3.rel1.win32_1.0.100.202602081740/tools/bin/../lib/gcc/arm-none-eabi/14.3.1/../../../../arm-none-eabi/lib/thumb/v7e-m+dp/hard\libc_nano.a(libc_a-mallocr.o)
 .ARM.attributes
                0x0000090b       0x32 C:/ST/STM32CubeIDE_2.2.0/STM32CubeIDE/plugins/com.st.stm32cube.ide.mcu.externaltools.gnu-tools-for-stm32.14.3.rel1.win32_1.0.100.202602081740/tools/bin/../lib/gcc/arm-none-eabi/14.3.1/../../../../arm-none-eabi/lib/thumb/v7e-m+dp/hard\libc_nano.a(libc_a-mlock.o)
 .ARM.attributes
                0x0000093d       0x32 C:/ST/STM32CubeIDE_2.2.0/STM32CubeIDE/plugins/com.st.stm32cube.ide.mcu.externaltools.gnu-tools-for-stm32.14.3.rel1.win32_1.0.100.202602081740/tools/bin/../lib/gcc/arm-none-eabi/14.3.1/../../../../arm-none-eabi/lib/thumb/v7e-m+dp/hard\libc_nano.a(libc_a-nano-vfprintf.o)
 .ARM.attributes
                0x0000096f       0x32 C:/ST/STM32CubeIDE_2.2.0/STM32CubeIDE/plugins/com.st.stm32cube.ide.mcu.externaltools.gnu-tools-for-stm32.14.3.rel1.win32_1.0.100.202602081740/tools/bin/../lib/gcc/arm-none-eabi/14.3.1/../../../../arm-none-eabi/lib/thumb/v7e-m+dp/hard\libc_nano.a(libc_a-nano-vfprintf_i.o)
 .ARM.attributes
                0x000009a1       0x32 C:/ST/STM32CubeIDE_2.2.0/STM32CubeIDE/plugins/com.st.stm32cube.ide.mcu.externaltools.gnu-tools-for-stm32.14.3.rel1.win32_1.0.100.202602081740/tools/bin/../lib/gcc/arm-none-eabi/14.3.1/../../../../arm-none-eabi/lib/thumb/v7e-m+dp/hard\libc_nano.a(libc_a-fflush.o)
 .ARM.attributes
                0x000009d3       0x32 C:/ST/STM32CubeIDE_2.2.0/STM32CubeIDE/plugins/com.st.stm32cube.ide.mcu.externaltools.gnu-tools-for-stm32.14.3.rel1.win32_1.0.100.202602081740/tools/bin/../lib/gcc/arm-none-eabi/14.3.1/../../../../arm-none-eabi/lib/thumb/v7e-m+dp/hard\libc_nano.a(libc_a-wbuf.o)
 .ARM.attributes
                0x00000a05       0x32 C:/ST/STM32CubeIDE_2.2.0/STM32CubeIDE/plugins/com.st.stm32cube.ide.mcu.externaltools.gnu-tools-for-stm32.14.3.rel1.win32_1.0.100.202602081740/tools/bin/../lib/gcc/arm-none-eabi/14.3.1/../../../../arm-none-eabi/lib/thumb/v7e-m+dp/hard\libc_nano.a(libc_a-wsetup.o)
 .ARM.attributes
                0x00000a37       0x32 C:/ST/STM32CubeIDE_2.2.0/STM32CubeIDE/plugins/com.st.stm32cube.ide.mcu.externaltools.gnu-tools-for-stm32.14.3.rel1.win32_1.0.100.202602081740/tools/bin/../lib/gcc/arm-none-eabi/14.3.1/../../../../arm-none-eabi/lib/thumb/v7e-m+dp/hard\libc_nano.a(libc_a-sbrkr.o)
 .ARM.attributes
                0x00000a69       0x1c C:/ST/STM32CubeIDE_2.2.0/STM32CubeIDE/plugins/com.st.stm32cube.ide.mcu.externaltools.gnu-tools-for-stm32.14.3.rel1.win32_1.0.100.202602081740/tools/bin/../lib/gcc/arm-none-eabi/14.3.1/../../../../arm-none-eabi/lib/thumb/v7e-m+dp/hard\libc_nano.a(libc_a-memchr.o)
 .ARM.attributes
                0x00000a85       0x32 C:/ST/STM32CubeIDE_2.2.0/STM32CubeIDE/plugins/com.st.stm32cube.ide.mcu.externaltools.gnu-tools-for-stm32.14.3.rel1.win32_1.0.100.202602081740/tools/bin/../lib/gcc/arm-none-eabi/14.3.1/../../../../arm-none-eabi/lib/thumb/v7e-m+dp/hard\libc_nano.a(libc_a-makebuf.o)
 .ARM.attributes
                0x00000ab7       0x32 C:/ST/STM32CubeIDE_2.2.0/STM32CubeIDE/plugins/com.st.stm32cube.ide.mcu.externaltools.gnu-tools-for-stm32.14.3.rel1.win32_1.0.100.202602081740/tools/bin/../lib/gcc/arm-none-eabi/14.3.1/../../../../arm-none-eabi/lib/thumb/v7e-m+dp/hard\libc_nano.a(libc_a-fstatr.o)
 .ARM.attributes
                0x00000ae9       0x32 C:/ST/STM32CubeIDE_2.2.0/STM32CubeIDE/plugins/com.st.stm32cube.ide.mcu.externaltools.gnu-tools-for-stm32.14.3.rel1.win32_1.0.100.202602081740/tools/bin/../lib/gcc/arm-none-eabi/14.3.1/../../../../arm-none-eabi/lib/thumb/v7e-m+dp/hard\libc_nano.a(libc_a-isattyr.o)
 .ARM.attributes
                0x00000b1b       0x20 C:/ST/STM32CubeIDE_2.2.0/STM32CubeIDE/plugins/com.st.stm32cube.ide.mcu.externaltools.gnu-tools-for-stm32.14.3.rel1.win32_1.0.100.202602081740/tools/bin/../lib/gcc/arm-none-eabi/14.3.1/thumb/v7e-m+dp/hard\libgcc.a(_aeabi_uldivmod.o)
 .ARM.attributes
                0x00000b3b       0x32 C:/ST/STM32CubeIDE_2.2.0/STM32CubeIDE/plugins/com.st.stm32cube.ide.mcu.externaltools.gnu-tools-for-stm32.14.3.rel1.win32_1.0.100.202602081740/tools/bin/../lib/gcc/arm-none-eabi/14.3.1/thumb/v7e-m+dp/hard\libgcc.a(_udivmoddi4.o)
 .ARM.attributes
                0x00000b6d       0x20 C:/ST/STM32CubeIDE_2.2.0/STM32CubeIDE/plugins/com.st.stm32cube.ide.mcu.externaltools.gnu-tools-for-stm32.14.3.rel1.win32_1.0.100.202602081740/tools/bin/../lib/gcc/arm-none-eabi/14.3.1/thumb/v7e-m+dp/hard\libgcc.a(_dvmd_tls.o)
 .ARM.attributes